// Jest Snapshot v1, https://goo.gl/fbAQLP

exports[`EmailInputView component renders correctly 1`] = `
<View
  style={
    Object {
      "paddingTop": 32,
    }
  }
  testID="forgot_password.require_email"
>
  <Text
    style={
      Array [
        Object {
          "color": "#181C32",
          "fontFamily": "BeVietnamPro-SemiBold",
          "fontSize": 20,
        },
        Object {},
        undefined,
      ]
    }
  >
    Forgot password
  </Text>
  <Text
    style={
      Array [
        Object {
          "color": "#212745",
          "fontFamily": "BeVietnamPro-Light",
          "fontSize": 13,
        },
        Object {},
        Object {
          "color": "#181C32",
          "marginBottom": 16,
          "marginTop": 16,
        },
      ]
    }
  >
    Please enter your email address or mobile number to search for your account.
  </Text>
  <View
    style={
      Array [
        Object {
          "flexDirection": "column",
          "marginVertical": 4,
        },
        Object {
          "marginVertical": 0,
        },
      ]
    }
    testID="text_input"
  >
    <View
      style={
        Array [
          Object {},
        ]
      }
    >
      <View
        style={
          Array [
            Object {
              "flexDirection": "row",
              "height": 40,
            },
          ]
        }
      >
        <View
          style={
            Array [
              Object {
                "backgroundColor": "green",
                "borderBottomLeftRadius": 6,
                "borderBottomRightRadius": 6,
                "borderTopLeftRadius": 6,
                "borderTopRightRadius": 6,
                "borderWidth": 1,
                "flex": 1,
                "flexDirection": "row",
              },
              Object {
                "backgroundColor": "#FFFFFF",
                "borderColor": "#E3E6F2",
              },
              undefined,
            ]
          }
        >
          <View
            style={
              Object {
                "alignItems": "center",
                "flex": 1,
                "flexDirection": "row",
                "height": 40,
              }
            }
          >
            <TextInput
              autoCapitalize="none"
              autoFocus={true}
              editable={true}
              keyboardType="email-address"
              onBlur={[Function]}
              onChangeText={[Function]}
              onFocus={[Function]}
              onSubmitEditing={[Function]}
              placeholder="Email"
              placeholderTextColor="#BAC0DE"
              selectionColor="#767D93"
              style={
                Array [
                  Object {
                    "flex": 1,
                    "fontFamily": "BeVietnamPro-Light",
                    "fontSize": 15,
                    "height": 40,
                    "paddingHorizontal": 16,
                  },
                  Object {
                    "color": "#282E53",
                  },
                ]
              }
              testID="forgot_password.input_email"
              value=""
            />
          </View>
        </View>
      </View>
    </View>
  </View>
  <View
    accessibilityState={
      Object {
        "disabled": true,
      }
    }
    accessible={true}
    focusable={true}
    onClick={[Function]}
    onResponderGrant={[Function]}
    onResponderMove={[Function]}
    onResponderRelease={[Function]}
    onResponderTerminate={[Function]}
    onResponderTerminationRequest={[Function]}
    onStartShouldSetResponder={[Function]}
    style={
      Array [
        Object {
          "borderRadius": 8,
        },
        Object {
          "marginTop": 32,
        },
      ]
    }
    testID="forgot_password.button_send"
  >
    <View
      style={
        Array [
          Object {
            "alignItems": "center",
            "borderRadius": 8,
            "flexDirection": "row",
            "justifyContent": "center",
            "paddingVertical": 4,
          },
          undefined,
          Object {
            "backgroundColor": "#F4EFFB",
            "height": 44,
            "paddingHorizontal": 16,
          },
        ]
      }
      testID="button.content"
    >
      <Text
        style={
          Array [
            Object {
              "color": "#212745",
              "fontFamily": "BeVietnamPro-Medium",
              "fontSize": 15,
            },
            Object {
              "color": "#BAC0DE",
            },
            Array [
              Object {
                "textAlign": "center",
              },
              undefined,
            ],
          ]
        }
        testID="button.text"
      >
        Send code
      </Text>
    </View>
  </View>
</View>
`;
