// Jest Snapshot v1, https://goo.gl/fbAQLP

exports[`PublishQuiz should render correctly 1`] = `
<RNSScreenStack
  style={
    Object {
      "flex": 1,
    }
  }
>
  <RNSScreen
    collapsable={false}
    forwardedRef={[Function]}
    gestureResponseDistance={
      Object {
        "bottom": -1,
        "end": -1,
        "start": -1,
        "top": -1,
      }
    }
    nativeBackButtonDismissalEnabled={false}
    onAppear={[Function]}
    onDisappear={[Function]}
    onDismissed={[Function]}
    onHeaderBackButtonClicked={[Function]}
    onTransitionProgress={[Function]}
    onWillAppear={[Function]}
    onWillDisappear={[Function]}
    replaceAnimation="pop"
    stackPresentation="push"
    style={
      Object {
        "bottom": 0,
        "left": 0,
        "position": "absolute",
        "right": 0,
        "top": 0,
      }
    }
    swipeDirection="horizontal"
  >
    <RNSScreenStackHeaderConfig
      backgroundColor="rgb(255, 255, 255)"
      color="rgb(0, 122, 255)"
      hidden={false}
      onAttached={[Function]}
      onDetached={[Function]}
      title="MockedScreen"
      titleColor="rgb(28, 28, 30)"
      topInsetEnabled={true}
      translucent={false}
    />
    <View
      stackPresentation="push"
      style={
        Array [
          Object {
            "flex": 1,
          },
          Object {
            "backgroundColor": "rgb(242, 242, 242)",
          },
          undefined,
        ]
      }
    >
      <View
        style={
          Object {
            "backgroundColor": "#FFFFFF",
            "flex": 1,
          }
        }
      >
        <View
          style={
            Object {
              "zIndex": 2,
            }
          }
          testID="header"
        >
          <View
            animatedStyle={
              Object {
                "value": Object {},
              }
            }
            collapsable={false}
            style={
              Object {
                "alignItems": "flex-end",
                "backgroundColor": "#FFFFFF",
                "elevation": 2,
                "flexDirection": "row",
                "minHeight": 44,
                "paddingTop": 0,
                "paddingVertical": 4,
                "shadowColor": "rgba(0, 0, 0, 1)",
                "shadowOffset": Object {
                  "height": 2,
                  "width": 0,
                },
                "shadowOpacity": 0.12,
                "shadowRadius": 1.5,
              }
            }
            testID="header.content"
          >
            <View
              style={
                Object {
                  "alignItems": "center",
                  "backgroundColor": "#FFFFFF",
                  "flex": 1,
                  "flexDirection": "row",
                  "overflow": "hidden",
                  "paddingLeft": 8,
                  "paddingRight": 8,
                }
              }
            >
              <View
                accessibilityState={
                  Object {
                    "disabled": false,
                  }
                }
                accessible={true}
                collapsable={false}
                focusable={true}
                hitSlop={
                  Object {
                    "bottom": 20,
                    "left": 20,
                    "right": 20,
                    "top": 20,
                  }
                }
                onClick={[Function]}
                onResponderGrant={[Function]}
                onResponderMove={[Function]}
                onResponderRelease={[Function]}
                onResponderTerminate={[Function]}
                onResponderTerminationRequest={[Function]}
                onStartShouldSetResponder={[Function]}
                style={
                  Object {
                    "opacity": 1,
                  }
                }
                testID="header.back.button"
              >
                <View
                  style={
                    Array [
                      Object {
                        "alignItems": "center",
                        "flexDirection": "row",
                      },
                      Object {
                        "alignItems": "center",
                        "height": 44,
                        "justifyContent": "center",
                        "padding": 12,
                        "width": 44,
                      },
                      Object {
                        "backgroundColor": undefined,
                      },
                    ]
                  }
                >
                  <View
                    style={
                      Array [
                        undefined,
                        undefined,
                        undefined,
                      ]
                    }
                  >
                    <View
                      testID="header.back"
                    />
                  </View>
                </View>
              </View>
              <View
                animatedStyle={
                  Object {
                    "value": Object {},
                  }
                }
                collapsable={false}
                style={
                  Object {
                    "flex": 1,
                    "justifyContent": "center",
                    "paddingVertical": 8,
                  }
                }
              >
                <View
                  accessibilityState={
                    Object {
                      "disabled": true,
                    }
                  }
                  accessible={true}
                  collapsable={false}
                  focusable={false}
                  onClick={[Function]}
                  onResponderGrant={[Function]}
                  onResponderMove={[Function]}
                  onResponderRelease={[Function]}
                  onResponderTerminate={[Function]}
                  onResponderTerminationRequest={[Function]}
                  onStartShouldSetResponder={[Function]}
                  style={
                    Object {
                      "opacity": 1,
                    }
                  }
                >
                  <Text
                    numberOfLines={1}
                    style={
                      Array [
                        Object {
                          "color": "#181C32",
                          "fontFamily": "BeVietnamPro-SemiBold",
                          "fontSize": 15,
                        },
                        Object {},
                        Object {
                          "marginRight": 8,
                        },
                      ]
                    }
                    testID="header.text"
                  >
                    Quiz information
                  </Text>
                </View>
              </View>
              <View
                accessibilityState={
                  Object {
                    "disabled": true,
                  }
                }
                accessible={true}
                focusable={true}
                onClick={[Function]}
                onResponderGrant={[Function]}
                onResponderMove={[Function]}
                onResponderRelease={[Function]}
                onResponderTerminate={[Function]}
                onResponderTerminationRequest={[Function]}
                onStartShouldSetResponder={[Function]}
                style={
                  Array [
                    Object {
                      "borderRadius": 8,
                    },
                    Object {
                      "marginRight": 8,
                    },
                  ]
                }
                testID="header.button"
              >
                <View
                  style={
                    Array [
                      Object {
                        "alignItems": "center",
                        "borderRadius": 8,
                        "flexDirection": "row",
                        "justifyContent": "center",
                        "paddingVertical": 4,
                      },
                      undefined,
                      Object {
                        "backgroundColor": "#F4EFFB",
                        "height": 36,
                        "paddingHorizontal": 12,
                      },
                    ]
                  }
                  testID="button.content"
                >
                  <Text
                    style={
                      Array [
                        Object {
                          "color": "#212745",
                          "fontFamily": "BeVietnamPro-Medium",
                          "fontSize": 15,
                        },
                        Object {
                          "color": "#BAC0DE",
                        },
                        Array [
                          Object {
                            "textAlign": "center",
                          },
                          undefined,
                        ],
                      ]
                    }
                    testID="button.text"
                  >
                    Create
                  </Text>
                </View>
              </View>
            </View>
            <View
              style={
                Object {
                  "backgroundColor": "#FFFFFF",
                  "height": 0,
                  "position": "absolute",
                  "top": 0,
                  "width": "100%",
                }
              }
            />
          </View>
        </View>
        <RCTScrollView
          automaticallyAdjustContentInsets={false}
          contentContainerStyle={
            Object {
              "paddingBottom": 16,
              "paddingHorizontal": 16,
              "paddingTop": 16,
            }
          }
          contentInset={
            Object {
              "bottom": 0,
            }
          }
          enableAutomaticScroll={true}
          enableOnAndroid={false}
          enableResetScrollToCoords={true}
          extraHeight={75}
          extraScrollHeight={0}
          getScrollResponder={[Function]}
          handleOnScroll={[Function]}
          keyboardDismissMode="interactive"
          keyboardOpeningTime={250}
          keyboardSpace={0}
          onScroll={[Function]}
          resetKeyboardSpace={[Function]}
          scrollEventThrottle={1}
          scrollForExtraHeightOnAndroid={[Function]}
          scrollIntoView={[Function]}
          scrollToEnd={[Function]}
          scrollToFocusedInput={[Function]}
          scrollToPosition={[Function]}
          showsVerticalScrollIndicator={true}
          style={
            Object {
              "backgroundColor": "#FFFFFF",
              "flex": 1,
            }
          }
          update={[Function]}
          viewIsInsideTabBar={false}
        >
          <View>
            <View>
              <View
                style={
                  Array [
                    Object {
                      "flexDirection": "column",
                      "marginVertical": 4,
                    },
                    undefined,
                  ]
                }
                testID="text_input"
              >
                <View
                  style={
                    Object {
                      "marginBottom": 8,
                      "marginRight": 0,
                      "maxWidth": 750,
                    }
                  }
                >
                  <Text
                    style={
                      Array [
                        Object {
                          "color": "#353E6E",
                          "fontFamily": "BeVietnamPro-Light",
                          "fontSize": 15,
                        },
                        Object {
                          "color": "#181C32",
                        },
                        undefined,
                      ]
                    }
                  >
                    Title
                  </Text>
                </View>
                <View
                  style={
                    Array [
                      Object {},
                    ]
                  }
                >
                  <View
                    style={
                      Array [
                        Object {
                          "flexDirection": "row",
                          "height": 40,
                        },
                      ]
                    }
                  >
                    <View
                      style={
                        Array [
                          Object {
                            "borderBottomLeftRadius": 6,
                            "borderBottomRightRadius": 6,
                            "borderTopLeftRadius": 6,
                            "borderTopRightRadius": 6,
                            "borderWidth": 1,
                            "flex": 1,
                            "flexDirection": "row",
                          },
                          Object {
                            "backgroundColor": "#FFFFFF",
                            "borderColor": "#E3E6F2",
                          },
                          undefined,
                        ]
                      }
                    >
                      <View
                        style={
                          Object {
                            "alignItems": "center",
                            "flex": 1,
                            "flexDirection": "row",
                            "height": 40,
                          }
                        }
                      >
                        <TextInput
                          editable={true}
                          maxLength={64}
                          onBlur={[Function]}
                          onChangeText={[Function]}
                          onFocus={[Function]}
                          placeholder="Enter title of quiz"
                          placeholderTextColor="#BAC0DE"
                          selectionColor="#767D93"
                          style={
                            Array [
                              Object {
                                "flex": 1,
                                "fontFamily": "BeVietnamPro-Light",
                                "fontSize": 14,
                                "height": 40,
                                "paddingHorizontal": 16,
                              },
                              Object {
                                "color": "#181C32",
                              },
                            ]
                          }
                          testID="title_description_section.title"
                          value=""
                        />
                      </View>
                    </View>
                  </View>
                </View>
              </View>
              <View
                style={
                  Array [
                    Object {
                      "padding": 16,
                    },
                    Object {
                      "paddingHorizontal": 0,
                    },
                  ]
                }
                testID="text_input.text_area"
              >
                <Text
                  style={
                    Array [
                      Object {
                        "color": "#353E6E",
                        "fontFamily": "BeVietnamPro-Light",
                        "fontSize": 15,
                      },
                      Object {
                        "color": "#181C32",
                      },
                      Object {
                        "marginBottom": 8,
                      },
                    ]
                  }
                >
                  Description
                </Text>
                <View
                  style={
                    Array [
                      Object {
                        "borderColor": "#E3E6F2",
                        "borderRadius": 4,
                        "borderWidth": 1,
                        "marginBottom": 6,
                        "minHeight": 84,
                        "paddingHorizontal": 12,
                        "paddingVertical": 6,
                      },
                      Object {
                        "borderColor": "#E3E6F2",
                      },
                      undefined,
                    ]
                  }
                >
                  <TextInput
                    maxLength={255}
                    multiline={true}
                    onBlur={[Function]}
                    onChangeText={[Function]}
                    onFocus={[Function]}
                    placeholder="Describe quiz"
                    placeholderTextColor="#BAC0DE"
                    selectionColor="#767D93"
                    style={
                      Array [
                        Object {
                          "color": "#353E6E",
                          "flex": 1,
                          "fontFamily": "BeVietnamPro-Light",
                          "fontSize": 14,
                        },
                        undefined,
                      ]
                    }
                    testID="title_description_section.description"
                    textAlignVertical="top"
                    value=""
                  />
                </View>
                <Text
                  style={
                    Array [
                      Object {
                        "color": "#212745",
                        "fontFamily": "BeVietnamPro-Light",
                        "fontSize": 11,
                      },
                      Object {
                        "color": "#BAC0DE",
                      },
                      Object {
                        "alignSelf": "flex-end",
                      },
                    ]
                  }
                >
                  0/255
                </Text>
              </View>
            </View>
            <View
              style={
                Object {
                  "borderTopColor": "#E3E6F2",
                  "borderTopWidth": 1,
                }
              }
            >
              <View
                style={
                  Object {
                    "height": 16,
                    "paddingHorizontal": undefined,
                    "paddingVertical": undefined,
                    "width": undefined,
                  }
                }
              />
              <View
                style={
                  Array [
                    Object {
                      "flexDirection": "column",
                      "marginVertical": 4,
                    },
                    undefined,
                  ]
                }
                testID="text_input"
              >
                <View
                  style={
                    Object {
                      "marginBottom": 8,
                      "marginRight": 0,
                      "maxWidth": 750,
                    }
                  }
                >
                  <Text
                    style={
                      Array [
                        Object {
                          "color": "#353E6E",
                          "fontFamily": "BeVietnamPro-Light",
                          "fontSize": 15,
                        },
                        Object {
                          "color": "#181C32",
                        },
                        undefined,
                      ]
                    }
                  >
                    Question
                    <Text
                      style={
                        Array [
                          Object {
                            "color": "#353E6E",
                            "fontFamily": "BeVietnamPro-Light",
                            "fontSize": 15,
                          },
                          Object {
                            "color": "#BAC0DE",
                          },
                          undefined,
                        ]
                      }
                    >
                       (optional)
                    </Text>
                  </Text>
                </View>
                <View
                  style={
                    Array [
                      Object {},
                    ]
                  }
                >
                  <View
                    style={
                      Array [
                        Object {
                          "flexDirection": "row",
                          "height": 40,
                        },
                      ]
                    }
                  >
                    <View
                      style={
                        Array [
                          Object {
                            "borderBottomLeftRadius": 6,
                            "borderBottomRightRadius": 6,
                            "borderTopLeftRadius": 6,
                            "borderTopRightRadius": 6,
                            "borderWidth": 1,
                            "flex": 1,
                            "flexDirection": "row",
                          },
                          Object {
                            "backgroundColor": "#FFFFFF",
                            "borderColor": "#E3E6F2",
                          },
                          undefined,
                        ]
                      }
                    >
                      <View
                        style={
                          Object {
                            "alignItems": "center",
                            "flex": 1,
                            "flexDirection": "row",
                            "height": 40,
                          }
                        }
                      >
                        <TextInput
                          editable={true}
                          keyboardType="number-pad"
                          onBlur={[Function]}
                          onChangeText={[Function]}
                          onFocus={[Function]}
                          placeholder="Enter number 0-{{max}}"
                          placeholderTextColor="#BAC0DE"
                          selectionColor="#767D93"
                          style={
                            Array [
                              Object {
                                "flex": 1,
                                "fontFamily": "BeVietnamPro-Light",
                                "fontSize": 14,
                                "height": 40,
                                "paddingHorizontal": 16,
                              },
                              Object {
                                "color": "#181C32",
                              },
                            ]
                          }
                          testID="question_answer_display_section.question"
                          value=""
                        />
                      </View>
                    </View>
                  </View>
                </View>
              </View>
              <Text
                style={
                  Array [
                    Object {
                      "color": "#212745",
                      "fontFamily": "BeVietnamPro-Light",
                      "fontSize": 13,
                    },
                    Object {},
                    Object {
                      "marginTop": 6,
                    },
                  ]
                }
              >
                Enter the number of question will display for member.
              </Text>
              <View
                style={
                  Object {
                    "height": 24,
                    "paddingHorizontal": undefined,
                    "paddingVertical": undefined,
                    "width": undefined,
                  }
                }
              />
            </View>
            <View
              accessibilityState={
                Object {
                  "disabled": true,
                }
              }
              accessible={true}
              collapsable={false}
              focusable={false}
              onClick={[Function]}
              onResponderGrant={[Function]}
              onResponderMove={[Function]}
              onResponderRelease={[Function]}
              onResponderTerminate={[Function]}
              onResponderTerminationRequest={[Function]}
              onStartShouldSetResponder={[Function]}
              style={
                Object {
                  "opacity": 1,
                }
              }
              testID="button_wrapper"
            >
              <View
                style={
                  Object {
                    "flexDirection": "row",
                  }
                }
              >
                <View
                  accessibilityState={
                    Object {
                      "disabled": true,
                    }
                  }
                  accessible={true}
                  collapsable={false}
                  focusable={false}
                  hitSlop={
                    Object {
                      "bottom": 10,
                      "left": 10,
                      "right": 10,
                      "top": 10,
                    }
                  }
                  onClick={[Function]}
                  onResponderGrant={[Function]}
                  onResponderMove={[Function]}
                  onResponderRelease={[Function]}
                  onResponderTerminate={[Function]}
                  onResponderTerminationRequest={[Function]}
                  onStartShouldSetResponder={[Function]}
                  style={
                    Object {
                      "opacity": 1,
                    }
                  }
                >
                  <View
                    style={
                      Array [
                        Object {
                          "alignItems": "center",
                          "flexDirection": "row",
                        },
                        undefined,
                        Object {
                          "backgroundColor": undefined,
                        },
                      ]
                    }
                  >
                    <View
                      style={
                        Array [
                          undefined,
                          undefined,
                          undefined,
                        ]
                      }
                    >
                      <View />
                    </View>
                  </View>
                </View>
                <View
                  style={
                    Object {
                      "height": undefined,
                      "paddingHorizontal": undefined,
                      "paddingVertical": undefined,
                      "width": 12,
                    }
                  }
                />
                <View
                  style={
                    Object {
                      "flex": 1,
                    }
                  }
                >
                  <Text
                    style={
                      Array [
                        Object {
                          "color": "#212745",
                          "fontFamily": "BeVietnamPro-Light",
                          "fontSize": 13,
                        },
                        Object {},
                        undefined,
                      ]
                    }
                  >
                    Do you want to randomize the questions and answers or not?
                  </Text>
                </View>
              </View>
            </View>
          </View>
        </RCTScrollView>
      </View>
    </View>
  </RNSScreen>
</RNSScreenStack>
`;
