// Jest Snapshot v1, https://goo.gl/fbAQLP

exports[`MemberOptionsMenu component renders correctly 1`] = `
<View>
  <View
    style={
      Object {
        "paddingVertical": 4,
      }
    }
  >
    <View
      className="button"
    >
      <View
        accessibilityState={
          Object {
            "disabled": false,
          }
        }
        accessible={true}
        collapsable={false}
        focusable={true}
        nativeID="animatedComponent"
        onClick={[Function]}
        onResponderGrant={[Function]}
        onResponderMove={[Function]}
        onResponderRelease={[Function]}
        onResponderTerminate={[Function]}
        onResponderTerminationRequest={[Function]}
        onStartShouldSetResponder={[Function]}
        style={
          Object {
            "alignItems": "center",
            "flexDirection": "row",
            "height": 44,
            "opacity": 1,
            "paddingHorizontal": 16,
          }
        }
        testID="member_options_menu.view_profile"
      >
        <View
          accessibilityState={
            Object {
              "disabled": true,
            }
          }
          accessible={true}
          collapsable={false}
          focusable={false}
          hitSlop={
            Object {
              "bottom": 10,
              "left": 10,
              "right": 10,
              "top": 10,
            }
          }
          nativeID="animatedComponent"
          onClick={[Function]}
          onResponderGrant={[Function]}
          onResponderMove={[Function]}
          onResponderRelease={[Function]}
          onResponderTerminate={[Function]}
          onResponderTerminationRequest={[Function]}
          onStartShouldSetResponder={[Function]}
          style={
            Object {
              "opacity": 1,
            }
          }
        >
          <View
            style={
              Array [
                Object {
                  "alignItems": "center",
                  "flexDirection": "row",
                },
                Object {
                  "marginRight": 24,
                },
                Object {
                  "backgroundColor": undefined,
                },
              ]
            }
          >
            <View
              style={
                Array [
                  undefined,
                  undefined,
                  undefined,
                ]
              }
            >
              <View
                className="icon-wrapper"
              >
                <RNSVGSvgView
                  align="xMidYMid"
                  bbHeight={24}
                  bbWidth={24}
                  fill="#2F3945"
                  focusable={false}
                  height={24}
                  meetOrSlice={0}
                  minX={0}
                  minY={0}
                  style={
                    Array [
                      Object {
                        "backgroundColor": "transparent",
                        "borderWidth": 0,
                      },
                      Object {},
                      Object {
                        "flex": 0,
                        "height": 24,
                        "width": 24,
                      },
                    ]
                  }
                  vbHeight={24}
                  vbWidth={24}
                  width={24}
                >
                  <RNSVGGroup
                    fill={4281284933}
                    propList={
                      Array [
                        "fill",
                      ]
                    }
                  >
                    <RNSVGPath
                      d="M12.3,12.22A4.92,4.92,0,0,0,14,8.5a5,5,0,0,0-10,0,4.92,4.92,0,0,0,1.7,3.72A8,8,0,0,0,1,19.5a1,1,0,0,0,2,0,6,6,0,0,1,12,0,1,1,0,0,0,2,0A8,8,0,0,0,12.3,12.22ZM9,11.5a3,3,0,1,1,3-3A3,3,0,0,1,9,11.5Zm9.74.32A5,5,0,0,0,15,3.5a1,1,0,0,0,0,2,3,3,0,0,1,3,3,3,3,0,0,1-1.5,2.59,1,1,0,0,0-.5.84,1,1,0,0,0,.45.86l.39.26.13.07a7,7,0,0,1,4,6.38,1,1,0,0,0,2,0A9,9,0,0,0,18.74,11.82Z"
                    />
                  </RNSVGGroup>
                </RNSVGSvgView>
              </View>
            </View>
          </View>
        </View>
        <View
          style={
            Object {
              "flex": 1,
            }
          }
        >
          <Text
            numberOfLines={2}
            style={
              Object {
                "color": "#2F3945",
                "fontFamily": "OpenSans-SemiBold",
                "fontSize": 14,
              }
            }
          >
            View profile
          </Text>
        </View>
      </View>
    </View>
    <View
      className="button"
    >
      <View
        accessibilityState={
          Object {
            "disabled": false,
          }
        }
        accessible={true}
        collapsable={false}
        focusable={true}
        nativeID="animatedComponent"
        onClick={[Function]}
        onResponderGrant={[Function]}
        onResponderMove={[Function]}
        onResponderRelease={[Function]}
        onResponderTerminate={[Function]}
        onResponderTerminationRequest={[Function]}
        onStartShouldSetResponder={[Function]}
        style={
          Object {
            "alignItems": "center",
            "flexDirection": "row",
            "height": 44,
            "opacity": 1,
            "paddingHorizontal": 16,
          }
        }
        testID="member_options_menu.leave_group"
      >
        <View
          accessibilityState={
            Object {
              "disabled": true,
            }
          }
          accessible={true}
          collapsable={false}
          focusable={false}
          hitSlop={
            Object {
              "bottom": 10,
              "left": 10,
              "right": 10,
              "top": 10,
            }
          }
          nativeID="animatedComponent"
          onClick={[Function]}
          onResponderGrant={[Function]}
          onResponderMove={[Function]}
          onResponderRelease={[Function]}
          onResponderTerminate={[Function]}
          onResponderTerminationRequest={[Function]}
          onStartShouldSetResponder={[Function]}
          style={
            Object {
              "opacity": 1,
            }
          }
        >
          <View
            style={
              Array [
                Object {
                  "alignItems": "center",
                  "flexDirection": "row",
                },
                Object {
                  "marginRight": 24,
                },
                Object {
                  "backgroundColor": undefined,
                },
              ]
            }
          >
            <View
              style={
                Array [
                  undefined,
                  undefined,
                  undefined,
                ]
              }
            >
              <View
                className="icon-wrapper"
              >
                <RNSVGSvgView
                  align="xMidYMid"
                  bbHeight={24}
                  bbWidth={24}
                  fill="#2F3945"
                  focusable={false}
                  height={24}
                  meetOrSlice={0}
                  minX={0}
                  minY={0}
                  style={
                    Array [
                      Object {
                        "backgroundColor": "transparent",
                        "borderWidth": 0,
                      },
                      Object {},
                      Object {
                        "flex": 0,
                        "height": 24,
                        "width": 24,
                      },
                    ]
                  }
                  vbHeight={24}
                  vbWidth={24}
                  width={24}
                >
                  <RNSVGGroup
                    fill={4281284933}
                    propList={
                      Array [
                        "fill",
                      ]
                    }
                  >
                    <RNSVGPath
                      d="M12.59,13l-2.3,2.29a1,1,0,0,0,0,1.42,1,1,0,0,0,1.42,0l4-4a1,1,0,0,0,.21-.33,1,1,0,0,0,0-.76,1,1,0,0,0-.21-.33l-4-4a1,1,0,1,0-1.42,1.42L12.59,11H3a1,1,0,0,0,0,2ZM12,2A10,10,0,0,0,3,7.55a1,1,0,0,0,1.8.9A8,8,0,1,1,12,20a7.93,7.93,0,0,1-7.16-4.45,1,1,0,0,0-1.8.9A10,10,0,1,0,12,2Z"
                    />
                  </RNSVGGroup>
                </RNSVGSvgView>
              </View>
            </View>
          </View>
        </View>
        <View
          style={
            Object {
              "flex": 1,
            }
          }
        >
          <Text
            numberOfLines={2}
            style={
              Object {
                "color": "#2F3945",
                "fontFamily": "OpenSans-SemiBold",
                "fontSize": 14,
              }
            }
          >
            Leave Group
          </Text>
        </View>
      </View>
    </View>
  </View>
</View>
`;
