// Jest Snapshot v1, https://goo.gl/fbAQLP

exports[`Filter component renders correctly 1`] = `
<View
  style={
    Array [
      Object {
        "backgroundColor": "#FFFFFF",
        "borderBottomWidth": 1,
        "borderColor": "#E3E6F2",
        "borderTopWidth": 1,
        "paddingVertical": 12,
      },
      undefined,
    ]
  }
  testID="filter"
>
  <View
    collapsable={false}
    onGestureHandlerEvent={[Function]}
    onGestureHandlerStateChange={[Function]}
    style={
      Array [
        Object {
          "transform": Array [
            Object {
              "translateX": 0,
            },
          ],
        },
      ]
    }
  >
    <View
      style={
        Array [
          Object {
            "flexDirection": "row",
          },
        ]
      }
    >
      <View
        onLayout={[Function]}
        style={
          Object {
            "margin": 0,
            "marginLeft": 8,
            "padding": 0,
          }
        }
      >
        <View
          accessible={true}
          collapsable={false}
          focusable={true}
          onClick={[Function]}
          onResponderGrant={[Function]}
          onResponderMove={[Function]}
          onResponderRelease={[Function]}
          onResponderTerminate={[Function]}
          onResponderTerminationRequest={[Function]}
          onStartShouldSetResponder={[Function]}
          style={
            Object {
              "backgroundColor": "rgba(255,255,255,0)",
              "borderColor": "#E3E6F2",
              "borderRadius": 100,
              "borderWidth": 1,
              "flexDirection": "row",
              "opacity": 1,
              "paddingHorizontal": 16,
              "paddingVertical": 8,
            }
          }
          testID="item_filter_1"
        >
          <Text
            style={
              Array [
                Object {
                  "color": "#212745",
                  "fontFamily": "BeVietnamPro-Medium",
                  "fontSize": 15,
                },
                Object {},
                undefined,
              ]
            }
          >
            You've joined
          </Text>
        </View>
      </View>
      <View
        onLayout={[Function]}
        style={
          Object {
            "margin": 0,
            "marginLeft": 8,
            "padding": 0,
          }
        }
      >
        <View
          accessible={true}
          collapsable={false}
          focusable={true}
          onClick={[Function]}
          onResponderGrant={[Function]}
          onResponderMove={[Function]}
          onResponderRelease={[Function]}
          onResponderTerminate={[Function]}
          onResponderTerminationRequest={[Function]}
          onStartShouldSetResponder={[Function]}
          style={
            Object {
              "backgroundColor": "rgba(255,255,255,0)",
              "borderColor": "#E3E6F2",
              "borderRadius": 100,
              "borderWidth": 1,
              "flexDirection": "row",
              "opacity": 1,
              "paddingHorizontal": 16,
              "paddingVertical": 8,
            }
          }
          testID="item_filter_2"
        >
          <Text
            style={
              Array [
                Object {
                  "color": "#212745",
                  "fontFamily": "BeVietnamPro-Light",
                  "fontSize": 15,
                },
                Object {},
                undefined,
              ]
            }
          >
            You manage
          </Text>
        </View>
      </View>
      <View
        onLayout={[Function]}
        style={
          Object {
            "margin": 0,
            "marginLeft": 8,
            "padding": 0,
          }
        }
      >
        <View
          accessible={true}
          collapsable={false}
          focusable={true}
          onClick={[Function]}
          onResponderGrant={[Function]}
          onResponderMove={[Function]}
          onResponderRelease={[Function]}
          onResponderTerminate={[Function]}
          onResponderTerminationRequest={[Function]}
          onStartShouldSetResponder={[Function]}
          style={
            Object {
              "backgroundColor": "rgba(255,255,255,0)",
              "borderColor": "#E3E6F2",
              "borderRadius": 100,
              "borderWidth": 1,
              "flexDirection": "row",
              "opacity": 1,
              "paddingHorizontal": 16,
              "paddingVertical": 8,
            }
          }
          testID="item_filter_3"
        >
          <Text
            style={
              Array [
                Object {
                  "color": "#212745",
                  "fontFamily": "BeVietnamPro-Light",
                  "fontSize": 15,
                },
                Object {},
                undefined,
              ]
            }
          >
            Discover
          </Text>
        </View>
      </View>
      <View
        style={
          Array [
            Object {
              "bottom": 0,
              "left": 0,
              "position": "absolute",
              "right": 0,
              "top": 0,
            },
            Object {
              "backgroundColor": "#A4A9B7",
              "borderColor": "#A4A9B7",
              "borderRadius": 100,
              "zIndex": -1,
            },
            Object {
              "borderWidth": 0,
              "height": 0,
              "transform": Array [
                Object {
                  "translateX": undefined,
                },
              ],
              "width": undefined,
            },
          ]
        }
      />
    </View>
  </View>
</View>
`;
