// Jest Snapshot v1, https://goo.gl/fbAQLP

exports[`ArticleScheduleItem component render correctly 1`] = `
<View
  accessible={true}
  collapsable={false}
  focusable={true}
  onClick={[Function]}
  onResponderGrant={[Function]}
  onResponderMove={[Function]}
  onResponderRelease={[Function]}
  onResponderTerminate={[Function]}
  onResponderTerminationRequest={[Function]}
  onStartShouldSetResponder={[Function]}
  style={
    Object {
      "opacity": 1,
    }
  }
  testID="article_schedule.btn_content"
>
  <View
    style={
      Array [
        Object {
          "paddingHorizontal": 16,
          "paddingVertical": 8,
        },
        Object {
          "backgroundColor": "#EBF4FF",
        },
      ]
    }
    testID="article_box_schedule_time"
  >
    <View
      style={
        Object {
          "alignItems": "center",
          "flexDirection": "row",
          "justifyContent": "space-between",
          "paddingRight": 6,
        }
      }
    >
      <Text
        style={
          Array [
            Object {
              "color": "#212745",
              "fontFamily": "BeVietnamPro-Light",
              "fontSize": 11,
            },
            Object {
              "color": "#353E6E",
            },
            undefined,
          ]
        }
      >
        Your article is sheduled to publish:
      </Text>
    </View>
    <View
      style={
        Object {
          "alignItems": "center",
          "flexDirection": "row",
          "marginTop": 8,
        }
      }
    >
      <View
        style={
          Object {
            "alignItems": "center",
            "flexDirection": "row",
          }
        }
      >
        <View
          accessibilityState={
            Object {
              "disabled": true,
            }
          }
          accessible={true}
          collapsable={false}
          focusable={false}
          hitSlop={
            Object {
              "bottom": 10,
              "left": 10,
              "right": 10,
              "top": 10,
            }
          }
          onClick={[Function]}
          onResponderGrant={[Function]}
          onResponderMove={[Function]}
          onResponderRelease={[Function]}
          onResponderTerminate={[Function]}
          onResponderTerminationRequest={[Function]}
          onStartShouldSetResponder={[Function]}
          style={
            Object {
              "opacity": 1,
            }
          }
        >
          <View
            style={
              Array [
                Object {
                  "alignItems": "center",
                  "flexDirection": "row",
                },
                Object {
                  "marginRight": 4,
                },
                Object {
                  "backgroundColor": undefined,
                },
              ]
            }
          >
            <View
              style={
                Array [
                  undefined,
                  undefined,
                  undefined,
                ]
              }
            >
              <View />
            </View>
          </View>
        </View>
        <Text
          style={
            Array [
              Object {
                "color": "#212745",
                "fontFamily": "BeVietnamPro-Medium",
                "fontSize": 15,
              },
              Object {
                "color": "#007AFF",
              },
              undefined,
            ]
          }
        >
          
        </Text>
      </View>
      <Text
        style={
          Array [
            Object {
              "color": "#212745",
              "fontFamily": "BeVietnamPro-Light",
              "fontSize": 14,
            },
            Object {
              "color": "#85C0FF",
            },
            undefined,
          ]
        }
      >
         
        -
         
      </Text>
      <View
        style={
          Object {
            "alignItems": "center",
            "flexDirection": "row",
          }
        }
      >
        <View
          accessibilityState={
            Object {
              "disabled": true,
            }
          }
          accessible={true}
          collapsable={false}
          focusable={false}
          hitSlop={
            Object {
              "bottom": 10,
              "left": 10,
              "right": 10,
              "top": 10,
            }
          }
          onClick={[Function]}
          onResponderGrant={[Function]}
          onResponderMove={[Function]}
          onResponderRelease={[Function]}
          onResponderTerminate={[Function]}
          onResponderTerminationRequest={[Function]}
          onStartShouldSetResponder={[Function]}
          style={
            Object {
              "opacity": 1,
            }
          }
        >
          <View
            style={
              Array [
                Object {
                  "alignItems": "center",
                  "flexDirection": "row",
                },
                Object {
                  "marginRight": 4,
                },
                Object {
                  "backgroundColor": undefined,
                },
              ]
            }
          >
            <View
              style={
                Array [
                  undefined,
                  undefined,
                  undefined,
                ]
              }
            >
              <View />
            </View>
          </View>
        </View>
        <Text
          style={
            Array [
              Object {
                "color": "#212745",
                "fontFamily": "BeVietnamPro-Medium",
                "fontSize": 15,
              },
              Object {
                "color": "#007AFF",
              },
              undefined,
            ]
          }
        >
          
        </Text>
      </View>
    </View>
  </View>
  <View
    style={
      Object {
        "backgroundColor": "#FFFFFF",
        "padding": 16,
      }
    }
  >
    <Text
      numberOfLines={1}
      style={
        Array [
          Object {
            "color": "#181C32",
            "fontFamily": "BeVietnamPro-SemiBold",
            "fontSize": 17,
          },
          Object {
            "color": "#282E53",
          },
          undefined,
        ]
      }
    >
      Article thá»© 4 edited 
    </Text>
    <View
      style={
        Object {
          "alignItems": "center",
          "flexDirection": "row",
          "marginTop": 8,
        }
      }
    >
      <View
        style={
          Array [
            Object {
              "overflow": "hidden",
            },
            Object {
              "borderRadius": 4,
              "height": 44,
              "marginRight": 8,
              "width": 61,
            },
          ]
        }
      >
        <FastImageView
          onFastImageError={[Function]}
          resizeMode="cover"
          source={
            Object {
              "uri": "https://bic-dev-user-upload-images-s3-bucket.s3.ap-southeast-1.amazonaws.com/post/original/fa2a7cde-eee0-4c09-9784-45e1c1ef7e6b.png",
            }
          }
          style={
            Object {
              "bottom": 0,
              "left": 0,
              "position": "absolute",
              "right": 0,
              "top": 0,
            }
          }
        />
      </View>
      <View
        style={
          Object {
            "flex": 1,
          }
        }
      >
        <Text
          numberOfLines={2}
          style={
            Array [
              Object {
                "color": "#181C32",
                "fontFamily": "BeVietnamPro-Light",
                "fontSize": 15,
              },
              Object {
                "color": "#282E53",
              },
              undefined,
            ]
          }
        >
          1234567890-= lalalalallalallalalala and I will be there at the
        </Text>
      </View>
    </View>
    <View
      style={
        Object {
          "marginTop": 8,
        }
      }
    >
      <View
        accessible={true}
        collapsable={false}
        focusable={true}
        onClick={[Function]}
        onResponderGrant={[Function]}
        onResponderMove={[Function]}
        onResponderRelease={[Function]}
        onResponderTerminate={[Function]}
        onResponderTerminationRequest={[Function]}
        onStartShouldSetResponder={[Function]}
        style={
          Object {
            "alignItems": "center",
            "flex": 1,
            "flexDirection": "row",
            "opacity": 1,
          }
        }
        testID="button_wrapper"
      >
        <View
          style={
            Array [
              Object {
                "borderRadius": 4,
                "height": 24,
                "width": 24,
              },
              undefined,
            ]
          }
          testID="avatar"
        >
          <View
            style={
              Array [
                Array [
                  Object {
                    "borderRadius": 4,
                    "height": 24,
                    "width": 24,
                  },
                  Object {
                    "borderRadius": 12,
                  },
                ],
                Object {},
              ]
            }
            testID="avatar_container"
          >
            <View
              style={
                Array [
                  Object {
                    "overflow": "hidden",
                  },
                  Array [
                    Array [
                      Object {
                        "borderRadius": 4,
                        "height": 24,
                        "width": 24,
                      },
                      Object {
                        "borderRadius": 12,
                      },
                    ],
                    Object {
                      "borderColor": "#F2F5F8",
                      "borderWidth": 2,
                    },
                    Object {
                      "backgroundColor": "#FFFFFF",
                    },
                  ],
                ]
              }
            >
              <FastImageView
                onFastImageError={[Function]}
                resizeMode="cover"
                source={
                  Object {
                    "uri": "https://bic-dev-entity-attribute-s3-bucket.s3.ap-southeast-1.amazonaws.com/user/avatar/images/original/c6b8b056-7d77-4382-b95c-010c2fda4809.jpg",
                  }
                }
                style={
                  Object {
                    "bottom": 0,
                    "left": 0,
                    "position": "absolute",
                    "right": 0,
                    "top": 0,
                  }
                }
                testID="avatar.image"
              />
            </View>
          </View>
        </View>
        <View
          style={
            Object {
              "height": undefined,
              "paddingHorizontal": undefined,
              "paddingVertical": undefined,
              "width": 8,
            }
          }
        />
        <View
          style={
            Object {
              "flex": 1,
            }
          }
        >
          <Text
            numberOfLines={1}
            style={
              Array [
                Object {
                  "color": "#212745",
                  "fontFamily": "BeVietnamPro-Medium",
                  "fontSize": 11,
                },
                Object {
                  "color": "#282E53",
                },
                undefined,
              ]
            }
          >
            Nguyen Thi Thu Quyá»n
          </Text>
        </View>
      </View>
    </View>
    <View
      style={
        Object {
          "alignItems": "center",
          "flexDirection": "row",
          "marginTop": 8,
        }
      }
    >
      <Text
        style={
          Array [
            Object {
              "color": "#212745",
              "fontFamily": "BeVietnamPro-Light",
              "fontSize": 11,
            },
            Object {
              "color": "#282E53",
            },
            undefined,
          ]
        }
      >
        Audiences:
      </Text>
      <View
        style={
          Object {
            "height": undefined,
            "paddingHorizontal": undefined,
            "paddingVertical": undefined,
            "width": 8,
          }
        }
      />
      <RCTScrollView
        horizontal={true}
      >
        <View>
          <View
            accessible={true}
            collapsable={false}
            focusable={true}
            onClick={[Function]}
            onResponderGrant={[Function]}
            onResponderMove={[Function]}
            onResponderRelease={[Function]}
            onResponderTerminate={[Function]}
            onResponderTerminationRequest={[Function]}
            onStartShouldSetResponder={[Function]}
            style={
              Object {
                "alignItems": "center",
                "backgroundColor": "#F1F2F8",
                "borderRadius": 100,
                "flexDirection": "row",
                "height": 24,
                "justifyContent": "center",
                "marginRight": 8,
                "opacity": 1,
                "paddingLeft": 4,
                "paddingRight": 8,
              }
            }
            testID="audiences.tag_item"
          >
            <Text
              numberOfLines={1}
              style={
                Array [
                  Object {
                    "color": "#212745",
                    "fontFamily": "BeVietnamPro-Light",
                    "fontSize": 11,
                  },
                  Object {},
                  Object {
                    "maxWidth": 255,
                    "paddingLeft": 4,
                  },
                ]
              }
              testID="tag.label"
            >
              Community cá»§a HoÃ ng
            </Text>
          </View>
          <View
            accessible={true}
            collapsable={false}
            focusable={true}
            onClick={[Function]}
            onResponderGrant={[Function]}
            onResponderMove={[Function]}
            onResponderRelease={[Function]}
            onResponderTerminate={[Function]}
            onResponderTerminationRequest={[Function]}
            onStartShouldSetResponder={[Function]}
            style={
              Object {
                "alignItems": "center",
                "backgroundColor": "#F1F2F8",
                "borderRadius": 100,
                "flexDirection": "row",
                "height": 24,
                "justifyContent": "center",
                "marginRight": 8,
                "opacity": 1,
                "paddingLeft": 4,
                "paddingRight": 8,
              }
            }
            testID="audiences.tag_more_item"
          >
            <Text
              numberOfLines={1}
              style={
                Array [
                  Object {
                    "color": "#212745",
                    "fontFamily": "BeVietnamPro-Light",
                    "fontSize": 11,
                  },
                  Object {},
                  Object {
                    "maxWidth": 255,
                    "paddingLeft": 4,
                  },
                ]
              }
              testID="tag.label"
            >
              + 1 other
            </Text>
          </View>
        </View>
      </RCTScrollView>
    </View>
  </View>
</View>
`;
