// Jest Snapshot v1, https://goo.gl/fbAQLP

exports[`ArticleScheduleContent screen render correctly 1`] = `
<View
  style={
    Array [
      Object {
        "backgroundColor": "#FFFFFF",
      },
      Object {
        "flex": 1,
      },
      Object {
        "backgroundColor": "#EAEDF2",
        "flex": 1,
        "paddingBottom": 0,
      },
    ]
  }
  testID="article_schedule_content"
>
  <View
    style={
      Object {
        "zIndex": 2,
      }
    }
    testID="header"
  >
    <View
      animatedStyle={
        Object {
          "value": Object {},
        }
      }
      collapsable={false}
      style={
        Object {
          "alignItems": "flex-end",
          "backgroundColor": "#FFFFFF",
          "elevation": 2,
          "flexDirection": "row",
          "minHeight": 44,
          "paddingTop": 0,
          "paddingVertical": 4,
          "shadowColor": "rgba(0, 0, 0, 1)",
          "shadowOffset": Object {
            "height": 2,
            "width": 0,
          },
          "shadowOpacity": 0.12,
          "shadowRadius": 1.5,
        }
      }
      testID="header.content"
    >
      <View
        style={
          Object {
            "alignItems": "center",
            "backgroundColor": "#FFFFFF",
            "flex": 1,
            "flexDirection": "row",
            "overflow": "hidden",
            "paddingLeft": 8,
            "paddingRight": 8,
          }
        }
      >
        <View
          accessibilityState={
            Object {
              "disabled": false,
            }
          }
          accessible={true}
          collapsable={false}
          focusable={true}
          hitSlop={
            Object {
              "bottom": 20,
              "left": 20,
              "right": 20,
              "top": 20,
            }
          }
          onClick={[Function]}
          onResponderGrant={[Function]}
          onResponderMove={[Function]}
          onResponderRelease={[Function]}
          onResponderTerminate={[Function]}
          onResponderTerminationRequest={[Function]}
          onStartShouldSetResponder={[Function]}
          style={
            Object {
              "opacity": 1,
            }
          }
          testID="header.back.button"
        >
          <View
            style={
              Array [
                Object {
                  "alignItems": "center",
                  "flexDirection": "row",
                },
                Object {
                  "alignItems": "center",
                  "height": 44,
                  "justifyContent": "center",
                  "padding": 12,
                  "width": 44,
                },
                Object {
                  "backgroundColor": undefined,
                },
              ]
            }
          >
            <View
              style={
                Array [
                  undefined,
                  undefined,
                  undefined,
                ]
              }
            >
              <View
                testID="header.back"
              />
            </View>
          </View>
        </View>
        <View
          animatedStyle={
            Object {
              "value": Object {},
            }
          }
          collapsable={false}
          style={
            Object {
              "flex": 1,
              "justifyContent": "center",
              "paddingVertical": 8,
            }
          }
        >
          <View
            accessibilityState={
              Object {
                "disabled": true,
              }
            }
            accessible={true}
            collapsable={false}
            focusable={false}
            onClick={[Function]}
            onResponderGrant={[Function]}
            onResponderMove={[Function]}
            onResponderRelease={[Function]}
            onResponderTerminate={[Function]}
            onResponderTerminationRequest={[Function]}
            onStartShouldSetResponder={[Function]}
            style={
              Object {
                "opacity": 1,
              }
            }
          >
            <Text
              numberOfLines={1}
              style={
                Array [
                  Object {
                    "color": "#181C32",
                    "fontFamily": "BeVietnamPro-SemiBold",
                    "fontSize": 15,
                  },
                  Object {},
                  Object {
                    "marginRight": 8,
                  },
                ]
              }
              testID="header.text"
            >
              Schedule Content
            </Text>
          </View>
        </View>
      </View>
      <View
        style={
          Object {
            "backgroundColor": "#FFFFFF",
            "height": 0,
            "position": "absolute",
            "top": 0,
            "width": "100%",
          }
        }
      />
    </View>
  </View>
  <RCTScrollView
    ItemSeparatorComponent={[Function]}
    ListEmptyComponent={[Function]}
    ListFooterComponent={[Function]}
    ListHeaderComponent={[Function]}
    data={Array []}
    getItem={[Function]}
    getItemCount={[Function]}
    keyExtractor={[Function]}
    onContentSizeChange={[Function]}
    onEndReached={[Function]}
    onEndReachedThreshold={0.2}
    onLayout={[Function]}
    onMomentumScrollBegin={[Function]}
    onMomentumScrollEnd={[Function]}
    onScroll={[Function]}
    onScrollBeginDrag={[Function]}
    onScrollEndDrag={[Function]}
    refreshControl={
      <RefreshControlMock
        onRefresh={[Function]}
        refreshing={true}
        tintColor="#A4A9B7"
      />
    }
    removeClippedSubviews={false}
    renderItem={[Function]}
    scrollEventThrottle={50}
    stickyHeaderIndices={Array []}
    style={
      Object {
        "flex": 1,
      }
    }
    testID="article_schedule_content.list"
    viewabilityConfigCallbackPairs={Array []}
  >
    <RCTRefreshControl />
    <View>
      <View
        onLayout={[Function]}
      >
        <View
          style={
            Object {
              "height": 16,
              "paddingHorizontal": undefined,
              "paddingVertical": undefined,
              "width": undefined,
            }
          }
        />
      </View>
      <View
        onLayout={[Function]}
      >
        <View />
      </View>
    </View>
  </RCTScrollView>
</View>
`;
