// Jest Snapshot v1, https://goo.gl/fbAQLP

exports[`Avatar Group component renders correctly 1`] = `
<View
  style={
    Object {
      "alignItems": "center",
      "backgroundColor": "#F8F5FF",
      "borderRadius": 6,
      "height": 40,
      "justifyContent": "center",
      "padding": 1,
      "width": 40,
    }
  }
  testID="avatar_group"
>
  <View
    style={
      Object {
        "borderRadius": 6,
        "height": 40,
        "width": 40,
      }
    }
    testID="avatar"
  >
    <View
      style={
        Object {
          "backgroundColor": "#B2BDCD",
          "borderRadius": 6,
          "height": 40,
          "width": 40,
        }
      }
      testID="avatar_container"
    >
      <View
        onLayout={[Function]}
        style={
          Object {
            "backgroundColor": "transparent",
            "position": "relative",
          }
        }
      >
        <View
          collapsable={false}
          nativeID="animatedComponent"
          style={
            Object {
              "bottom": 0,
              "left": 0,
              "opacity": 1,
              "position": "absolute",
              "right": 0,
              "top": 0,
            }
          }
        >
          <View
            style={
              Object {
                "alignItems": "center",
                "backgroundColor": "#f9f9f9",
                "borderRadius": 6,
                "height": 40,
                "justifyContent": "center",
                "width": 40,
              }
            }
            testID="Image__placeholder"
          />
        </View>
        <View
          style={
            Array [
              Object {
                "overflow": "hidden",
              },
              Object {
                "borderRadius": 6,
                "height": 40,
                "width": 40,
              },
            ]
          }
        >
          <FastImageView
            onFastImageError={[Function]}
            onFastImageLoadEnd={[Function]}
            resizeMode="cover"
            source={
              Object {
                "testUri": "../../../assets/images/group_avatar_default.png",
              }
            }
            style={
              Object {
                "bottom": 0,
                "left": 0,
                "position": "absolute",
                "right": 0,
                "top": 0,
              }
            }
            testID="avatar.image"
          />
        </View>
      </View>
    </View>
  </View>
</View>
`;
