// Jest Snapshot v1, https://goo.gl/fbAQLP

exports[`SeriesSection should disabled if audience is empty 1`] = `
<RNSScreenStack
  style={
    Object {
      "flex": 1,
    }
  }
>
  <RNSScreen
    collapsable={false}
    forwardedRef={[Function]}
    gestureResponseDistance={
      Object {
        "bottom": -1,
        "end": -1,
        "start": -1,
        "top": -1,
      }
    }
    nativeBackButtonDismissalEnabled={false}
    onAppear={[Function]}
    onDisappear={[Function]}
    onDismissed={[Function]}
    onHeaderBackButtonClicked={[Function]}
    onTransitionProgress={[Function]}
    onWillAppear={[Function]}
    onWillDisappear={[Function]}
    replaceAnimation="pop"
    stackPresentation="push"
    style={
      Object {
        "bottom": 0,
        "left": 0,
        "position": "absolute",
        "right": 0,
        "top": 0,
      }
    }
    swipeDirection="horizontal"
  >
    <RNSScreenStackHeaderConfig
      backgroundColor="rgb(255, 255, 255)"
      color="rgb(0, 122, 255)"
      hidden={false}
      onAttached={[Function]}
      onDetached={[Function]}
      title="MockedScreen"
      titleColor="rgb(28, 28, 30)"
      topInsetEnabled={true}
      translucent={false}
    />
    <View
      stackPresentation="push"
      style={
        Array [
          Object {
            "flex": 1,
          },
          Object {
            "backgroundColor": "rgb(242, 242, 242)",
          },
          undefined,
        ]
      }
    >
      <View>
        <View
          style={
            Object {
              "backgroundColor": "#FFFFFF",
              "elevation": 2,
              "paddingBottom": 24,
              "paddingHorizontal": 16,
              "paddingTop": 12,
              "shadowColor": "rgba(0, 0, 0, 1)",
              "shadowOffset": Object {
                "height": 2,
                "width": 0,
              },
              "shadowOpacity": 0.12,
              "shadowRadius": 1.5,
            }
          }
        >
          <View
            style={
              Object {
                "alignItems": "center",
                "flexDirection": "row",
              }
            }
          >
            <Text
              style={
                Array [
                  Object {
                    "color": "#181C32",
                    "fontFamily": "BeVietnamPro-SemiBold",
                    "fontSize": 17,
                  },
                  Object {
                    "color": "#181C32",
                  },
                  undefined,
                ]
              }
            >
              Series
            </Text>
            <Text
              style={
                Array [
                  Object {
                    "color": "#181C32",
                    "fontFamily": "BeVietnamPro-SemiBold",
                    "fontSize": 17,
                  },
                  Object {
                    "color": "#BAC0DE",
                  },
                  Object {
                    "marginLeft": 4,
                  },
                ]
              }
            >
              (optional)
            </Text>
          </View>
          <View
            style={
              Object {
                "marginTop": 16,
              }
            }
          >
            <View
              style={
                Object {
                  "flexDirection": "row",
                  "flexWrap": "wrap",
                }
              }
            >
              <View
                style={
                  Object {
                    "marginBottom": 8,
                    "marginRight": 6,
                  }
                }
              >
                <View
                  accessible={true}
                  collapsable={false}
                  focusable={true}
                  onClick={[Function]}
                  onResponderGrant={[Function]}
                  onResponderMove={[Function]}
                  onResponderRelease={[Function]}
                  onResponderTerminate={[Function]}
                  onResponderTerminationRequest={[Function]}
                  onStartShouldSetResponder={[Function]}
                  style={
                    Object {
                      "alignItems": "center",
                      "alignSelf": "baseline",
                      "backgroundColor": "#F1F2F8",
                      "borderRadius": 100,
                      "flexDirection": "row",
                      "height": 28,
                      "justifyContent": "center",
                      "marginRight": 8,
                      "opacity": 1,
                      "paddingLeft": 4,
                      "paddingRight": 8,
                    }
                  }
                  testID="tag.item"
                >
                  <Text
                    numberOfLines={1}
                    style={
                      Array [
                        Object {
                          "color": "#212745",
                          "fontFamily": "BeVietnamPro-Light",
                          "fontSize": 13,
                        },
                        Object {},
                        Object {
                          "color": "#2D3039",
                          "paddingLeft": 4,
                        },
                      ]
                    }
                    testID="tag.label"
                  >
                    Đây là series có 3 bài articles
                  </Text>
                </View>
              </View>
            </View>
          </View>
          <View
            accessibilityState={
              Object {
                "disabled": false,
              }
            }
            accessible={true}
            collapsable={false}
            focusable={true}
            onClick={[Function]}
            onResponderGrant={[Function]}
            onResponderMove={[Function]}
            onResponderRelease={[Function]}
            onResponderTerminate={[Function]}
            onResponderTerminationRequest={[Function]}
            onStartShouldSetResponder={[Function]}
            style={
              Object {
                "bottom": 0,
                "left": 0,
                "opacity": 1,
                "position": "absolute",
                "right": 0,
                "top": 0,
              }
            }
            testID="button_wrapper"
          >
            <View
              style={
                Object {
                  "position": "absolute",
                  "right": 16,
                  "top": 12,
                }
              }
            >
              <View
                style={
                  Array [
                    Object {
                      "alignItems": "center",
                      "backgroundColor": "#F1F2F8",
                      "borderRadius": 12,
                      "height": 24,
                      "justifyContent": "center",
                      "width": 24,
                    },
                    undefined,
                  ]
                }
              >
                <View
                  accessibilityState={
                    Object {
                      "disabled": true,
                    }
                  }
                  accessible={true}
                  collapsable={false}
                  focusable={false}
                  hitSlop={
                    Object {
                      "bottom": 10,
                      "left": 10,
                      "right": 10,
                      "top": 10,
                    }
                  }
                  onClick={[Function]}
                  onResponderGrant={[Function]}
                  onResponderMove={[Function]}
                  onResponderRelease={[Function]}
                  onResponderTerminate={[Function]}
                  onResponderTerminationRequest={[Function]}
                  onStartShouldSetResponder={[Function]}
                  style={
                    Object {
                      "opacity": 1,
                    }
                  }
                >
                  <View
                    style={
                      Array [
                        Object {
                          "alignItems": "center",
                          "flexDirection": "row",
                        },
                        undefined,
                        Object {
                          "backgroundColor": undefined,
                        },
                      ]
                    }
                  >
                    <View
                      style={
                        Array [
                          undefined,
                          undefined,
                          undefined,
                        ]
                      }
                    >
                      <View />
                    </View>
                  </View>
                </View>
              </View>
            </View>
          </View>
        </View>
      </View>
    </View>
  </RNSScreen>
</RNSScreenStack>
`;

exports[`SeriesSection should render correctly 1`] = `
<RNSScreenStack
  style={
    Object {
      "flex": 1,
    }
  }
>
  <RNSScreen
    collapsable={false}
    forwardedRef={[Function]}
    gestureResponseDistance={
      Object {
        "bottom": -1,
        "end": -1,
        "start": -1,
        "top": -1,
      }
    }
    nativeBackButtonDismissalEnabled={false}
    onAppear={[Function]}
    onDisappear={[Function]}
    onDismissed={[Function]}
    onHeaderBackButtonClicked={[Function]}
    onTransitionProgress={[Function]}
    onWillAppear={[Function]}
    onWillDisappear={[Function]}
    replaceAnimation="pop"
    stackPresentation="push"
    style={
      Object {
        "bottom": 0,
        "left": 0,
        "position": "absolute",
        "right": 0,
        "top": 0,
      }
    }
    swipeDirection="horizontal"
  >
    <RNSScreenStackHeaderConfig
      backgroundColor="rgb(255, 255, 255)"
      color="rgb(0, 122, 255)"
      hidden={false}
      onAttached={[Function]}
      onDetached={[Function]}
      title="MockedScreen"
      titleColor="rgb(28, 28, 30)"
      topInsetEnabled={true}
      translucent={false}
    />
    <View
      stackPresentation="push"
      style={
        Array [
          Object {
            "flex": 1,
          },
          Object {
            "backgroundColor": "rgb(242, 242, 242)",
          },
          undefined,
        ]
      }
    >
      <View>
        <View
          style={
            Object {
              "backgroundColor": "#FFFFFF",
              "elevation": 2,
              "paddingBottom": 24,
              "paddingHorizontal": 16,
              "paddingTop": 12,
              "shadowColor": "rgba(0, 0, 0, 1)",
              "shadowOffset": Object {
                "height": 2,
                "width": 0,
              },
              "shadowOpacity": 0.12,
              "shadowRadius": 1.5,
            }
          }
        >
          <View
            style={
              Object {
                "alignItems": "center",
                "flexDirection": "row",
              }
            }
          >
            <Text
              style={
                Array [
                  Object {
                    "color": "#181C32",
                    "fontFamily": "BeVietnamPro-SemiBold",
                    "fontSize": 17,
                  },
                  Object {
                    "color": "#181C32",
                  },
                  undefined,
                ]
              }
            >
              Series
            </Text>
            <Text
              style={
                Array [
                  Object {
                    "color": "#181C32",
                    "fontFamily": "BeVietnamPro-SemiBold",
                    "fontSize": 17,
                  },
                  Object {
                    "color": "#BAC0DE",
                  },
                  Object {
                    "marginLeft": 4,
                  },
                ]
              }
            >
              (optional)
            </Text>
          </View>
          <View
            style={
              Object {
                "marginTop": 16,
              }
            }
          >
            <View
              style={
                Object {
                  "flexDirection": "row",
                  "flexWrap": "wrap",
                }
              }
            >
              <View
                style={
                  Object {
                    "marginBottom": 8,
                    "marginRight": 6,
                  }
                }
              >
                <View
                  accessible={true}
                  collapsable={false}
                  focusable={true}
                  onClick={[Function]}
                  onResponderGrant={[Function]}
                  onResponderMove={[Function]}
                  onResponderRelease={[Function]}
                  onResponderTerminate={[Function]}
                  onResponderTerminationRequest={[Function]}
                  onStartShouldSetResponder={[Function]}
                  style={
                    Object {
                      "alignItems": "center",
                      "alignSelf": "baseline",
                      "backgroundColor": "#F1F2F8",
                      "borderRadius": 100,
                      "flexDirection": "row",
                      "height": 28,
                      "justifyContent": "center",
                      "marginRight": 8,
                      "opacity": 1,
                      "paddingLeft": 4,
                      "paddingRight": 8,
                    }
                  }
                  testID="tag.item"
                >
                  <Text
                    numberOfLines={1}
                    style={
                      Array [
                        Object {
                          "color": "#212745",
                          "fontFamily": "BeVietnamPro-Light",
                          "fontSize": 13,
                        },
                        Object {},
                        Object {
                          "color": "#2D3039",
                          "paddingLeft": 4,
                        },
                      ]
                    }
                    testID="tag.label"
                  >
                    Đây là series có 3 bài articles
                  </Text>
                </View>
              </View>
            </View>
          </View>
          <View
            accessibilityState={
              Object {
                "disabled": false,
              }
            }
            accessible={true}
            collapsable={false}
            focusable={true}
            onClick={[Function]}
            onResponderGrant={[Function]}
            onResponderMove={[Function]}
            onResponderRelease={[Function]}
            onResponderTerminate={[Function]}
            onResponderTerminationRequest={[Function]}
            onStartShouldSetResponder={[Function]}
            style={
              Object {
                "bottom": 0,
                "left": 0,
                "opacity": 1,
                "position": "absolute",
                "right": 0,
                "top": 0,
              }
            }
            testID="button_wrapper"
          >
            <View
              style={
                Object {
                  "position": "absolute",
                  "right": 16,
                  "top": 12,
                }
              }
            >
              <View
                style={
                  Array [
                    Object {
                      "alignItems": "center",
                      "backgroundColor": "#F1F2F8",
                      "borderRadius": 12,
                      "height": 24,
                      "justifyContent": "center",
                      "width": 24,
                    },
                    undefined,
                  ]
                }
              >
                <View
                  accessibilityState={
                    Object {
                      "disabled": true,
                    }
                  }
                  accessible={true}
                  collapsable={false}
                  focusable={false}
                  hitSlop={
                    Object {
                      "bottom": 10,
                      "left": 10,
                      "right": 10,
                      "top": 10,
                    }
                  }
                  onClick={[Function]}
                  onResponderGrant={[Function]}
                  onResponderMove={[Function]}
                  onResponderRelease={[Function]}
                  onResponderTerminate={[Function]}
                  onResponderTerminationRequest={[Function]}
                  onStartShouldSetResponder={[Function]}
                  style={
                    Object {
                      "opacity": 1,
                    }
                  }
                >
                  <View
                    style={
                      Array [
                        Object {
                          "alignItems": "center",
                          "flexDirection": "row",
                        },
                        undefined,
                        Object {
                          "backgroundColor": undefined,
                        },
                      ]
                    }
                  >
                    <View
                      style={
                        Array [
                          undefined,
                          undefined,
                          undefined,
                        ]
                      }
                    >
                      <View />
                    </View>
                  </View>
                </View>
              </View>
            </View>
          </View>
        </View>
      </View>
    </View>
  </RNSScreen>
</RNSScreenStack>
`;
