// Jest Snapshot v1, https://goo.gl/fbAQLP

exports[`ArticleWebview Component renders correctly 1`] = `
<View
  style={
    Array [
      Object {
        "backgroundColor": "#FFFFFF",
        "flex": 1,
      },
      undefined,
    ]
  }
  testID="article_webview"
>
  <View
    style={
      Array [
        Object {
          "flex": 1,
          "overflow": "hidden",
        },
        undefined,
      ]
    }
  >
    <RNCWebView
      allowsFullscreenVideo={true}
      allowsInlineMediaPlayback={false}
      androidHardwareAccelerationDisabled={true}
      androidLayerType="hardware"
      automaticallyAdjustContentInsets={false}
      bounces={true}
      cacheEnabled={true}
      domStorageEnabled={true}
      hideKeyboardAccessoryView={true}
      injectedJavaScript="const meta = document.createElement('meta'); meta.setAttribute('content', 'width=device-width, initial-scale=1, maximum-scale=0.99, user-scalable=0'); meta.setAttribute('name', 'viewport'); document.getElementsByTagName('head')[0].appendChild(meta); "
      injectedJavaScriptBeforeContentLoadedForMainFrameOnly={true}
      injectedJavaScriptForMainFrameOnly={true}
      javaScriptEnabled={true}
      mediaPlaybackRequiresUserAction={false}
      messagingEnabled={true}
      nestedScrollEnabled={false}
      onContentProcessDidTerminate={[Function]}
      onHttpError={[Function]}
      onLoadingError={[Function]}
      onLoadingFinish={[Function]}
      onLoadingProgress={[Function]}
      onLoadingStart={[Function]}
      onMessage={[Function]}
      onShouldStartLoadWithRequest={[Function]}
      overScrollMode="never"
      saveFormDataDisabled={true}
      scalesPageToFit={true}
      scrollEnabled={false}
      showsHorizontalScrollIndicator={false}
      showsVerticalScrollIndicator={false}
      source={
        Object {
          "uri": "https://undefined/article/webview/v1",
        }
      }
      style={
        Array [
          Object {
            "flex": 1,
            "overflow": "hidden",
          },
          Object {
            "backgroundColor": "#ffffff",
          },
          Object {
            "flex": 1,
            "height": "100%",
            "opacity": 0.99,
            "overflow": "hidden",
            "width": "100%",
          },
        ]
      }
      testID="webview"
      textInteractionEnabled={true}
      useSharedProcessPool={true}
    />
    <View
      style={
        Object {
          "alignItems": "center",
          "backgroundColor": "white",
          "flex": 1,
          "height": "100%",
          "justifyContent": "center",
          "position": "absolute",
          "width": "100%",
        }
      }
    >
      <ActivityIndicator />
    </View>
  </View>
</View>
`;
