// Jest Snapshot v1, https://goo.gl/fbAQLP

exports[`DeletedItem component renders correctly 1`] = `
<View
  style={
    Array [
      Object {
        "alignItems": "center",
        "backgroundColor": "#FFFFFF",
        "flexDirection": "row",
        "padding": 16,
      },
      undefined,
    ]
  }
  testID="series.delete_item"
>
  <View
    style={
      Array [
        Object {
          "overflow": "hidden",
        },
        Array [
          Object {
            "height": 35,
            "marginRight": 16,
            "width": 35,
          },
          false,
        ],
      ]
    }
  >
    <FastImageView
      onFastImageError={[Function]}
      resizeMode="cover"
      source={
        Object {
          "testUri": "../../../assets/images/img_delete.png",
        }
      }
      style={
        Object {
          "bottom": 0,
          "left": 0,
          "position": "absolute",
          "right": 0,
          "top": 0,
        }
      }
    />
  </View>
  <Text
    style={
      Array [
        Object {
          "color": "#181C32",
          "fontFamily": "BeVietnamPro-SemiBold",
          "fontSize": 13,
        },
        Object {},
        undefined,
      ]
    }
    testID="series.label_deleted"
  >
    Series deleted
  </Text>
</View>
`;
