// Jest Snapshot v1, https://goo.gl/fbAQLP

exports[`OptionMenu conponent renders correctly 1`] = `
<View>
  <View>
    <View
      style={Object {}}
    >
      <Text
        style={
          Array [
            Object {
              "color": "#2F3945",
              "fontFamily": "OpenSans-SemiBold",
              "fontSize": 12,
            },
            Object {
              "color": "#627286",
            },
            Object {
              "margin": 12,
            },
          ]
        }
      >
        Choose your gender
      </Text>
      <View
        style={
          Array [
            Object {
              "alignSelf": "stretch",
              "backgroundColor": "#EAEDF2",
              "height": 1,
              "marginHorizontal": 0,
              "width": undefined,
            },
            Object {},
          ]
        }
        testID="divider"
      />
      <View>
        <View
          accessible={true}
          collapsable={false}
          focusable={true}
          nativeID="animatedComponent"
          onClick={[Function]}
          onResponderGrant={[Function]}
          onResponderMove={[Function]}
          onResponderRelease={[Function]}
          onResponderTerminate={[Function]}
          onResponderTerminationRequest={[Function]}
          onStartShouldSetResponder={[Function]}
          style={
            Object {
              "opacity": 1,
            }
          }
          testID="edit_user_info.option_menu.item_MALE"
        >
          <View
            className=""
          >
            <View
              accessibilityState={
                Object {
                  "disabled": true,
                }
              }
              accessible={true}
              collapsable={false}
              focusable={false}
              nativeID="animatedComponent"
              onClick={[Function]}
              onResponderGrant={[Function]}
              onResponderMove={[Function]}
              onResponderRelease={[Function]}
              onResponderTerminate={[Function]}
              onResponderTerminationRequest={[Function]}
              onStartShouldSetResponder={[Function]}
              style={
                Object {
                  "alignItems": "center",
                  "flexDirection": "row",
                  "height": 36,
                  "opacity": 1,
                  "paddingHorizontal": 12,
                }
              }
            >
              <View
                style={
                  Object {
                    "flex": 1,
                  }
                }
              >
                <Text
                  numberOfLines={2}
                  style={
                    Array [
                      Object {
                        "color": "#2F3945",
                        "fontFamily": "OpenSans-SemiBold",
                        "fontSize": 14,
                      },
                      Object {},
                      Object {},
                    ]
                  }
                >
                  Male
                </Text>
              </View>
            </View>
          </View>
        </View>
      </View>
      <View>
        <View
          accessible={true}
          collapsable={false}
          focusable={true}
          nativeID="animatedComponent"
          onClick={[Function]}
          onResponderGrant={[Function]}
          onResponderMove={[Function]}
          onResponderRelease={[Function]}
          onResponderTerminate={[Function]}
          onResponderTerminationRequest={[Function]}
          onStartShouldSetResponder={[Function]}
          style={
            Object {
              "opacity": 1,
            }
          }
          testID="edit_user_info.option_menu.item_FEMALE"
        >
          <View
            className=""
          >
            <View
              accessibilityState={
                Object {
                  "disabled": true,
                }
              }
              accessible={true}
              collapsable={false}
              focusable={false}
              nativeID="animatedComponent"
              onClick={[Function]}
              onResponderGrant={[Function]}
              onResponderMove={[Function]}
              onResponderRelease={[Function]}
              onResponderTerminate={[Function]}
              onResponderTerminationRequest={[Function]}
              onStartShouldSetResponder={[Function]}
              style={
                Object {
                  "alignItems": "center",
                  "flexDirection": "row",
                  "height": 36,
                  "opacity": 1,
                  "paddingHorizontal": 12,
                }
              }
            >
              <View
                style={
                  Object {
                    "flex": 1,
                  }
                }
              >
                <Text
                  numberOfLines={2}
                  style={
                    Array [
                      Object {
                        "color": "#2F3945",
                        "fontFamily": "OpenSans-SemiBold",
                        "fontSize": 14,
                      },
                      Object {},
                      Object {},
                    ]
                  }
                >
                  Female
                </Text>
              </View>
              <View
                accessibilityState={
                  Object {
                    "disabled": true,
                  }
                }
                accessible={true}
                collapsable={false}
                focusable={false}
                hitSlop={
                  Object {
                    "bottom": 10,
                    "left": 10,
                    "right": 10,
                    "top": 10,
                  }
                }
                nativeID="animatedComponent"
                onClick={[Function]}
                onResponderGrant={[Function]}
                onResponderMove={[Function]}
                onResponderRelease={[Function]}
                onResponderTerminate={[Function]}
                onResponderTerminationRequest={[Function]}
                onStartShouldSetResponder={[Function]}
                style={
                  Object {
                    "opacity": 1,
                  }
                }
              >
                <View
                  style={
                    Array [
                      Object {
                        "alignItems": "center",
                        "flexDirection": "row",
                      },
                      undefined,
                      Object {
                        "backgroundColor": undefined,
                      },
                    ]
                  }
                >
                  <View
                    style={
                      Array [
                        undefined,
                        undefined,
                        undefined,
                      ]
                    }
                  >
                    <View
                      className="icon-wrapper"
                    >
                      <RNSVGSvgView
                        align="xMidYMid"
                        bbHeight={24}
                        bbWidth={24}
                        fill="#421187"
                        focusable={false}
                        height={24}
                        meetOrSlice={0}
                        minX={0}
                        minY={0}
                        style={
                          Array [
                            Object {
                              "backgroundColor": "transparent",
                              "borderWidth": 0,
                            },
                            Object {},
                            Object {
                              "flex": 0,
                              "height": 24,
                              "width": 24,
                            },
                          ]
                        }
                        vbHeight={24}
                        vbWidth={24}
                        width={24}
                      >
                        <RNSVGGroup
                          fill={4282519943}
                          propList={
                            Array [
                              "fill",
                            ]
                          }
                        >
                          <RNSVGPath
                            d="M18.71,7.21a1,1,0,0,0-1.42,0L9.84,14.67,6.71,11.53A1,1,0,1,0,5.29,13l3.84,3.84a1,1,0,0,0,1.42,0l8.16-8.16A1,1,0,0,0,18.71,7.21Z"
                          />
                        </RNSVGGroup>
                      </RNSVGSvgView>
                    </View>
                  </View>
                </View>
              </View>
            </View>
          </View>
        </View>
      </View>
      <View>
        <View
          accessible={true}
          collapsable={false}
          focusable={true}
          nativeID="animatedComponent"
          onClick={[Function]}
          onResponderGrant={[Function]}
          onResponderMove={[Function]}
          onResponderRelease={[Function]}
          onResponderTerminate={[Function]}
          onResponderTerminationRequest={[Function]}
          onStartShouldSetResponder={[Function]}
          style={
            Object {
              "opacity": 1,
            }
          }
          testID="edit_user_info.option_menu.item_OTHERS"
        >
          <View
            className=""
          >
            <View
              accessibilityState={
                Object {
                  "disabled": true,
                }
              }
              accessible={true}
              collapsable={false}
              focusable={false}
              nativeID="animatedComponent"
              onClick={[Function]}
              onResponderGrant={[Function]}
              onResponderMove={[Function]}
              onResponderRelease={[Function]}
              onResponderTerminate={[Function]}
              onResponderTerminationRequest={[Function]}
              onStartShouldSetResponder={[Function]}
              style={
                Object {
                  "alignItems": "center",
                  "flexDirection": "row",
                  "height": 36,
                  "opacity": 1,
                  "paddingHorizontal": 12,
                }
              }
            >
              <View
                style={
                  Object {
                    "flex": 1,
                  }
                }
              >
                <Text
                  numberOfLines={2}
                  style={
                    Array [
                      Object {
                        "color": "#2F3945",
                        "fontFamily": "OpenSans-SemiBold",
                        "fontSize": 14,
                      },
                      Object {},
                      Object {},
                    ]
                  }
                >
                  Others
                </Text>
              </View>
            </View>
          </View>
        </View>
      </View>
    </View>
  </View>
</View>
`;
