// Jest Snapshot v1, https://goo.gl/fbAQLP

exports[`SeriesDetailItem component render correctly 1`] = `
<View
  accessible={true}
  collapsable={false}
  focusable={true}
  onClick={[Function]}
  onResponderGrant={[Function]}
  onResponderMove={[Function]}
  onResponderRelease={[Function]}
  onResponderTerminate={[Function]}
  onResponderTerminationRequest={[Function]}
  onStartShouldSetResponder={[Function]}
  style={
    Object {
      "backgroundColor": "#FFFFFF",
      "borderBottomColor": "#F2F5F8",
      "borderBottomWidth": 1,
      "opacity": 1,
      "padding": 16,
    }
  }
  testID="series_detail.list_item.item"
>
  <View
    style={
      Object {
        "alignItems": "center",
        "flexDirection": "row",
        "justifyContent": "space-between",
      }
    }
  >
    <View
      style={
        Object {
          "alignItems": "center",
          "flex": 1,
          "flexDirection": "row",
          "marginRight": 8,
        }
      }
    >
      <Text
        style={
          Array [
            Object {
              "color": "#181C32",
              "fontFamily": "BeVietnamPro-SemiBold",
              "fontSize": 28,
            },
            Object {
              "color": "#BAC0DE",
            },
            undefined,
          ]
        }
      >
        01
      </Text>
      <View
        style={
          Object {
            "borderLeftColor": "#BAC0DE",
            "borderLeftWidth": 1,
            "height": 44,
            "marginHorizontal": 8,
            "transform": Array [
              Object {
                "rotate": "15deg",
              },
            ],
          }
        }
      />
      <View
        style={
          Object {
            "flex": 1,
          }
        }
      >
        <Text
          numberOfLines={1}
          style={
            Object {
              "color": "#9FA6D1",
              "fontSize": 20,
              "fontStyle": "italic",
              "fontWeight": "600",
            }
          }
        >
          No content
        </Text>
      </View>
    </View>
    <View
      accessible={true}
      focusable={true}
      onClick={[Function]}
      onResponderGrant={[Function]}
      onResponderMove={[Function]}
      onResponderRelease={[Function]}
      onResponderTerminate={[Function]}
      onResponderTerminationRequest={[Function]}
      onStartShouldSetResponder={[Function]}
      style={
        Array [
          Object {
            "borderRadius": 6,
          },
          undefined,
        ]
      }
      testID="content_header.menu"
    >
      <View
        style={
          Array [
            Object {
              "alignItems": "center",
              "borderRadius": 6,
              "elevation": 2,
              "flexDirection": "row",
              "justifyContent": "center",
              "shadowColor": "rgba(0, 0, 0, 1)",
              "shadowOffset": Object {
                "height": 2,
                "width": 0,
              },
              "shadowOpacity": 0.12,
              "shadowRadius": 1.5,
            },
            undefined,
            Object {
              "backgroundColor": "#FFFFFF",
              "height": 28,
              "paddingHorizontal": 8,
            },
          ]
        }
        testID="button.content"
      >
        <View
          accessibilityState={
            Object {
              "disabled": true,
            }
          }
          accessible={true}
          collapsable={false}
          focusable={false}
          hitSlop={
            Object {
              "bottom": 10,
              "left": 10,
              "right": 10,
              "top": 10,
            }
          }
          onClick={[Function]}
          onResponderGrant={[Function]}
          onResponderMove={[Function]}
          onResponderRelease={[Function]}
          onResponderTerminate={[Function]}
          onResponderTerminationRequest={[Function]}
          onStartShouldSetResponder={[Function]}
          style={
            Object {
              "opacity": 1,
            }
          }
        >
          <View
            style={
              Array [
                Object {
                  "alignItems": "center",
                  "flexDirection": "row",
                },
                undefined,
                Object {
                  "backgroundColor": undefined,
                },
              ]
            }
          >
            <View
              style={
                Array [
                  undefined,
                  undefined,
                  undefined,
                ]
              }
            >
              <View
                testID="button.icon"
              />
            </View>
          </View>
        </View>
      </View>
    </View>
  </View>
  <View
    style={
      Object {
        "height": 24,
        "paddingHorizontal": undefined,
        "paddingVertical": undefined,
        "width": undefined,
      }
    }
  />
  <View>
    <View
      style={
        Object {
          "alignItems": "flex-start",
          "flexDirection": "row",
          "justifyContent": "space-between",
        }
      }
    >
      <View
        style={
          Object {
            "flex": 1,
            "flexDirection": "row",
            "marginRight": 8,
          }
        }
      >
        <View
          accessible={true}
          collapsable={false}
          focusable={true}
          onClick={[Function]}
          onResponderGrant={[Function]}
          onResponderMove={[Function]}
          onResponderRelease={[Function]}
          onResponderTerminate={[Function]}
          onResponderTerminationRequest={[Function]}
          onStartShouldSetResponder={[Function]}
          style={
            Object {
              "alignItems": "center",
              "flex": 1,
              "flexDirection": "row",
              "opacity": 1,
            }
          }
          testID="button_wrapper"
        >
          <View
            style={
              Array [
                Object {
                  "borderRadius": 6,
                  "height": 32,
                  "width": 32,
                },
                Object {
                  "alignSelf": "flex-start",
                },
              ]
            }
            testID="avatar"
          >
            <View
              style={
                Array [
                  Array [
                    Object {
                      "borderRadius": 6,
                      "height": 32,
                      "width": 32,
                    },
                    Object {
                      "borderRadius": 16,
                    },
                  ],
                  Object {},
                ]
              }
              testID="avatar_container"
            >
              <View
                style={
                  Array [
                    Object {
                      "overflow": "hidden",
                    },
                    Array [
                      Array [
                        Object {
                          "borderRadius": 6,
                          "height": 32,
                          "width": 32,
                        },
                        Object {
                          "borderRadius": 16,
                        },
                      ],
                      Object {
                        "borderColor": "#F2F5F8",
                        "borderWidth": 2,
                      },
                      Object {
                        "backgroundColor": "#FFFFFF",
                      },
                    ],
                  ]
                }
              >
                <FastImageView
                  onFastImageError={[Function]}
                  resizeMode="cover"
                  source={
                    Object {
                      "uri": "https://bein-entity-attribute-stg.s3.ap-southeast-1.amazonaws.com/user/avatar/images/original/e69febe3-5962-41f9-9258-3a8579f3b0ab",
                    }
                  }
                  style={
                    Object {
                      "bottom": 0,
                      "left": 0,
                      "position": "absolute",
                      "right": 0,
                      "top": 0,
                    }
                  }
                  testID="avatar.image"
                />
              </View>
            </View>
          </View>
          <View
            style={
              Object {
                "height": undefined,
                "paddingHorizontal": undefined,
                "paddingVertical": undefined,
                "width": 8,
              }
            }
          />
          <View
            style={
              Object {
                "flex": 1,
              }
            }
          >
            <Text
              numberOfLines={1}
              style={
                Array [
                  Object {
                    "color": "#212745",
                    "fontFamily": "BeVietnamPro-Medium",
                    "fontSize": 11,
                  },
                  Object {
                    "color": "#282E53",
                  },
                  undefined,
                ]
              }
            >
              Wall-E
            </Text>
          </View>
        </View>
      </View>
      <View
        style={
          Array [
            Object {
              "overflow": "hidden",
            },
            Object {
              "borderRadius": 4,
              "height": 80,
              "width": 120,
            },
          ]
        }
      >
        <FastImageView
          onFastImageError={[Function]}
          resizeMode="cover"
          source={
            Object {
              "testUri": "../../../assets/images/no_image_avalable.png",
            }
          }
          style={
            Object {
              "bottom": 0,
              "left": 0,
              "position": "absolute",
              "right": 0,
              "top": 0,
            }
          }
        />
      </View>
    </View>
  </View>
</View>
`;
