// Jest Snapshot v1, https://goo.gl/fbAQLP

exports[`CoverImage component renders correctly 1`] = `
<View>
  <View
    style={
      Object {
        "flexDirection": "row",
        "justifyContent": "space-between",
        "marginHorizontal": 16,
        "marginVertical": 8,
      }
    }
  >
    <Text
      style={
        Array [
          Object {
            "color": "#2F3945",
            "fontFamily": "OpenSans-SemiBold",
            "fontSize": 16,
          },
          Object {
            "color": "#2F3945",
          },
          undefined,
        ]
      }
    >
      Cover
    </Text>
    <View
      accessibilityState={
        Object {
          "disabled": false,
        }
      }
      accessible={true}
      collapsable={false}
      focusable={true}
      onClick={[Function]}
      onResponderGrant={[Function]}
      onResponderMove={[Function]}
      onResponderRelease={[Function]}
      onResponderTerminate={[Function]}
      onResponderTerminationRequest={[Function]}
      onStartShouldSetResponder={[Function]}
      style={
        Object {
          "opacity": 1,
        }
      }
      testID="cover.button_edit"
    >
      <View
        style={
          Object {
            "alignItems": "center",
            "flexDirection": "row",
            "justifyContent": "center",
          }
        }
        testID="button_wrapper.content"
      >
        <Text
          style={
            Array [
              Object {
                "color": "#2F3945",
                "fontFamily": "OpenSans-SemiBold",
                "fontSize": 14,
              },
              Object {
                "color": "#421187",
              },
              undefined,
            ]
          }
          testID="cover.text_edit"
        >
          Edit
        </Text>
      </View>
    </View>
  </View>
  <View
    onLayout={[Function]}
  >
    <View
      onLayout={[Function]}
      style={
        Object {
          "backgroundColor": "transparent",
          "position": "relative",
        }
      }
    >
      <View
        collapsable={false}
        style={
          Object {
            "bottom": 0,
            "left": 0,
            "opacity": 1,
            "position": "absolute",
            "right": 0,
            "top": 0,
          }
        }
      >
        <View
          style={
            Object {
              "alignItems": "center",
              "backgroundColor": "#f9f9f9",
              "height": 210,
              "justifyContent": "center",
              "width": "100%",
            }
          }
          testID="Image__placeholder"
        />
      </View>
      <View
        style={
          Array [
            Object {
              "overflow": "hidden",
            },
            Object {
              "height": 210,
              "width": "100%",
            },
          ]
        }
      >
        <FastImageView
          onFastImageError={[Function]}
          onFastImageLoadEnd={[Function]}
          resizeMode="cover"
          source={
            Object {
              "testUri": "../../../assets/images/cover_default.png",
            }
          }
          style={
            Object {
              "bottom": 0,
              "left": 0,
              "position": "absolute",
              "right": 0,
              "top": 0,
            }
          }
          testID="cover.image"
        />
      </View>
    </View>
  </View>
</View>
`;
