// Jest Snapshot v1, https://goo.gl/fbAQLP

exports[`ButtonDanger conponent renders correctly 1`] = `
<View
  accessible={true}
  focusable={false}
  onClick={[Function]}
  onResponderGrant={[Function]}
  onResponderMove={[Function]}
  onResponderRelease={[Function]}
  onResponderTerminate={[Function]}
  onResponderTerminationRequest={[Function]}
  onStartShouldSetResponder={[Function]}
  style={
    Object {
      "alignItems": "center",
      "backgroundColor": undefined,
      "borderRadius": 4,
      "padding": 8,
    }
  }
  testID="button_danger.test"
>
  <View
    style={
      Array [
        Object {
          "alignItems": "center",
          "flexDirection": "row",
          "justifyContent": "center",
        },
        undefined,
      ]
    }
    testID="button_wrapper.content"
  >
    <Text
      style={
        Array [
          Object {
            "color": undefined,
            "fontFamily": "BeVietnamPro-Light",
            "fontSize": 15,
          },
          Object {},
          Object {
            "textAlign": "center",
          },
        ]
      }
    >
      Button Danger
    </Text>
  </View>
</View>
`;
