// Jest Snapshot v1, https://goo.gl/fbAQLP

exports[`PostFooter component should render correctly 1`] = `
<View
  style={
    Array [
      Object {
        "alignItems": "center",
        "flex": 1,
        "justifyContent": "center",
      },
      Object {
        "height": 28,
        "marginBottom": 8,
      },
    ]
  }
  testID="content_footer.cannot_reaction_view"
>
  <Text
    style={
      Array [
        Object {
          "color": "#212745",
          "fontFamily": "BeVietnamPro-Light",
          "fontSize": 13,
        },
        Object {
          "color": "#BAC0DE",
        },
        undefined,
      ]
    }
  >
    React and comment of this post are not available
  </Text>
</View>
`;
