// Jest Snapshot v1, https://goo.gl/fbAQLP

exports[`CreatePostFooter component renders correctly 1`] = `
<View>
  <View
    collapsable={false}
    forwardedRef={[Function]}
    onGestureHandlerEvent={[Function]}
    onGestureHandlerStateChange={[Function]}
    style={Object {}}
  >
    <View
      style={
        Object {
          "alignItems": "center",
          "backgroundColor": "#FFFFFF",
          "borderColor": "#E3E6F2",
          "borderWidth": 1,
          "flexDirection": "row",
          "height": 52,
          "paddingHorizontal": 16,
        }
      }
      testID="post_toolbar"
    >
      <View
        style={
          Object {
            "height": 36,
            "justifyContent": "center",
            "width": 36,
          }
        }
      >
        <View
          accessibilityState={
            Object {
              "disabled": true,
            }
          }
          accessible={true}
          collapsable={false}
          focusable={true}
          hitSlop={
            Object {
              "bottom": 10,
              "left": 10,
              "right": 10,
              "top": 10,
            }
          }
          onClick={[Function]}
          onResponderGrant={[Function]}
          onResponderMove={[Function]}
          onResponderRelease={[Function]}
          onResponderTerminate={[Function]}
          onResponderTerminationRequest={[Function]}
          onStartShouldSetResponder={[Function]}
          style={
            Object {
              "opacity": 1,
            }
          }
          testID="post_toolbar.markdown_preview"
        >
          <View
            style={
              Array [
                Object {
                  "alignItems": "center",
                  "flexDirection": "row",
                },
                undefined,
                Object {
                  "backgroundColor": undefined,
                },
              ]
            }
          >
            <View
              style={
                Array [
                  undefined,
                  undefined,
                  undefined,
                ]
              }
            >
              <View />
            </View>
          </View>
        </View>
      </View>
      <View
        style={
          Object {
            "height": 36,
            "justifyContent": "center",
            "width": 36,
          }
        }
      >
        <View
          accessibilityState={
            Object {
              "disabled": false,
            }
          }
          accessible={true}
          collapsable={false}
          focusable={true}
          hitSlop={
            Object {
              "bottom": 10,
              "left": 10,
              "right": 10,
              "top": 10,
            }
          }
          onClick={[Function]}
          onResponderGrant={[Function]}
          onResponderMove={[Function]}
          onResponderRelease={[Function]}
          onResponderTerminate={[Function]}
          onResponderTerminationRequest={[Function]}
          onStartShouldSetResponder={[Function]}
          style={
            Object {
              "opacity": 1,
            }
          }
          testID="post_toolbar.add_photo"
        >
          <View
            style={
              Array [
                Object {
                  "alignItems": "center",
                  "flexDirection": "row",
                },
                undefined,
                Object {
                  "backgroundColor": undefined,
                },
              ]
            }
          >
            <View
              style={
                Array [
                  undefined,
                  undefined,
                  undefined,
                ]
              }
            >
              <View />
            </View>
          </View>
        </View>
      </View>
      <View
        style={
          Object {
            "height": 36,
            "justifyContent": "center",
            "width": 36,
          }
        }
      >
        <View
          accessibilityState={
            Object {
              "disabled": false,
            }
          }
          accessible={true}
          collapsable={false}
          focusable={true}
          hitSlop={
            Object {
              "bottom": 10,
              "left": 10,
              "right": 10,
              "top": 10,
            }
          }
          onClick={[Function]}
          onResponderGrant={[Function]}
          onResponderMove={[Function]}
          onResponderRelease={[Function]}
          onResponderTerminate={[Function]}
          onResponderTerminationRequest={[Function]}
          onStartShouldSetResponder={[Function]}
          style={
            Object {
              "opacity": 1,
            }
          }
          testID="post_toolbar.add_video"
        >
          <View
            style={
              Array [
                Object {
                  "alignItems": "center",
                  "flexDirection": "row",
                },
                undefined,
                Object {
                  "backgroundColor": undefined,
                },
              ]
            }
          >
            <View
              style={
                Array [
                  undefined,
                  undefined,
                  undefined,
                ]
              }
            >
              <View />
            </View>
          </View>
        </View>
      </View>
      <View
        style={
          Object {
            "height": 36,
            "justifyContent": "center",
            "width": 36,
          }
        }
      >
        <View
          accessibilityState={
            Object {
              "disabled": false,
            }
          }
          accessible={true}
          collapsable={false}
          focusable={true}
          hitSlop={
            Object {
              "bottom": 10,
              "left": 10,
              "right": 10,
              "top": 10,
            }
          }
          onClick={[Function]}
          onResponderGrant={[Function]}
          onResponderMove={[Function]}
          onResponderRelease={[Function]}
          onResponderTerminate={[Function]}
          onResponderTerminationRequest={[Function]}
          onStartShouldSetResponder={[Function]}
          style={
            Object {
              "opacity": 1,
            }
          }
          testID="post_toolbar.add_file"
        >
          <View
            style={
              Array [
                Object {
                  "alignItems": "center",
                  "flexDirection": "row",
                },
                undefined,
                Object {
                  "backgroundColor": undefined,
                },
              ]
            }
          >
            <View
              style={
                Array [
                  undefined,
                  undefined,
                  undefined,
                ]
              }
            >
              <View />
            </View>
          </View>
        </View>
      </View>
    </View>
    <View
      collapsable={false}
      style={
        Object {
          "height": 0,
          "width": "100%",
        }
      }
    />
  </View>
  <View>
    <View>
      <View
        style={
          Object {
            "height": 1067.2,
          }
        }
      >
        <View
          style={
            Object {
              "alignItems": "center",
              "flexDirection": "row",
              "justifyContent": "space-between",
              "marginHorizontal": 16,
            }
          }
        >
          <Text
            style={
              Array [
                Object {
                  "color": "#181C32",
                  "fontFamily": "BeVietnamPro-SemiBold",
                  "fontSize": 15,
                },
                Object {},
                undefined,
              ]
            }
          >
            Review Markdown
          </Text>
          <View
            accessible={true}
            focusable={true}
            onClick={[Function]}
            onResponderGrant={[Function]}
            onResponderMove={[Function]}
            onResponderRelease={[Function]}
            onResponderTerminate={[Function]}
            onResponderTerminationRequest={[Function]}
            onStartShouldSetResponder={[Function]}
            style={
              Object {
                "alignItems": "center",
                "backgroundColor": "#FFFFFF",
                "borderColor": "#7335C0",
                "borderRadius": 4,
                "borderWidth": 1,
                "marginRight": 4,
                "padding": 8,
              }
            }
            testID="header.button"
          >
            <View
              style={
                Object {
                  "alignItems": "center",
                  "flexDirection": "row",
                  "justifyContent": "center",
                }
              }
              testID="button_wrapper.content"
            >
              <Text
                style={
                  Array [
                    Object {
                      "color": "#181C32",
                      "fontFamily": "BeVietnamPro-Medium",
                      "fontSize": 15,
                    },
                    Object {
                      "color": "#7335C0",
                    },
                    Object {
                      "textAlign": "center",
                    },
                  ]
                }
              >
                Done
              </Text>
            </View>
          </View>
        </View>
        <View
          style={
            Object {
              "backgroundColor": "#F8F9FF",
              "flex": 1,
              "marginHorizontal": 12,
              "marginTop": 16,
              "paddingHorizontal": 8,
              "paddingVertical": 12,
            }
          }
        >
          <View
            style={
              Object {
                "alignItems": "center",
                "flexDirection": "row",
              }
            }
          >
            <View
              style={
                Object {
                  "borderRadius": 4,
                  "height": 48,
                  "marginRight": 8,
                  "width": 48,
                }
              }
              testID="avatar"
            >
              <View
                style={
                  Object {
                    "backgroundColor": "#A4A9B7",
                    "borderRadius": 24,
                    "height": 48,
                    "width": 48,
                  }
                }
                testID="avatar_container"
              >
                <View
                  onLayout={[Function]}
                  style={
                    Object {
                      "backgroundColor": "transparent",
                      "position": "relative",
                    }
                  }
                >
                  <View
                    collapsable={false}
                    style={
                      Object {
                        "bottom": 0,
                        "left": 0,
                        "opacity": 1,
                        "position": "absolute",
                        "right": 0,
                        "top": 0,
                      }
                    }
                  >
                    <View
                      style={
                        Object {
                          "alignItems": "center",
                          "backgroundColor": "#f9f9f9",
                          "borderRadius": 24,
                          "height": 48,
                          "justifyContent": "center",
                          "width": 48,
                        }
                      }
                      testID="Image__placeholder"
                    />
                  </View>
                  <View
                    style={
                      Array [
                        Object {
                          "overflow": "hidden",
                        },
                        Object {
                          "borderRadius": 24,
                          "height": 48,
                          "width": 48,
                        },
                      ]
                    }
                  >
                    <FastImageView
                      onFastImageError={[Function]}
                      onFastImageLoadEnd={[Function]}
                      resizeMode="cover"
                      source={null}
                      style={
                        Object {
                          "bottom": 0,
                          "left": 0,
                          "position": "absolute",
                          "right": 0,
                          "top": 0,
                        }
                      }
                      testID="avatar.image"
                    />
                  </View>
                </View>
              </View>
            </View>
            <View>
              <Text
                style={
                  Array [
                    Object {
                      "color": "#181C32",
                      "fontFamily": "BeVietnamPro-SemiBold",
                      "fontSize": 13,
                    },
                    Object {},
                    undefined,
                  ]
                }
              />
              <View
                style={
                  Object {
                    "flexDirection": "row",
                  }
                }
              >
                <Text
                  style={
                    Array [
                      Object {
                        "color": "#181C32",
                        "fontFamily": "BeVietnamPro-Medium",
                        "fontSize": 13,
                      },
                      Object {
                        "color": "#767D93",
                      },
                      Object {
                        "marginRight": 4,
                      },
                    ]
                  }
                >
                  to
                </Text>
                <Text
                  style={
                    Array [
                      Object {
                        "color": "#181C32",
                        "fontFamily": "BeVietnamPro-SemiBold",
                        "fontSize": 13,
                      },
                      Object {},
                      undefined,
                    ]
                  }
                >
                  
                </Text>
              </View>
            </View>
          </View>
          <RCTScrollView
            style={
              Object {
                "marginTop": 24,
              }
            }
          >
            <View />
          </RCTScrollView>
        </View>
      </View>
    </View>
  </View>
  <View
    style={
      Object {
        "left": 0,
        "opacity": 0,
        "position": "absolute",
        "right": 0,
      }
    }
    testID="create_post_footer.mention_bar_container"
  />
</View>
`;
