// Jest Snapshot v1, https://goo.gl/fbAQLP

exports[`ToastAutoSave component should render correctly 1`] = `
<View
  collapsable={false}
  style={Object {}}
>
  <View
    style={
      Object {
        "alignItems": "center",
        "backgroundColor": "#FFFFFF",
        "flexDirection": "row",
        "marginBottom": 12,
        "paddingHorizontal": 16,
      }
    }
  >
    <View
      accessibilityState={
        Object {
          "disabled": true,
        }
      }
      accessible={true}
      collapsable={false}
      focusable={false}
      hitSlop={
        Object {
          "bottom": 10,
          "left": 10,
          "right": 10,
          "top": 10,
        }
      }
      onClick={[Function]}
      onResponderGrant={[Function]}
      onResponderMove={[Function]}
      onResponderRelease={[Function]}
      onResponderTerminate={[Function]}
      onResponderTerminationRequest={[Function]}
      onStartShouldSetResponder={[Function]}
      style={
        Object {
          "opacity": 1,
        }
      }
    >
      <View
        style={
          Array [
            Object {
              "alignItems": "center",
              "flexDirection": "row",
            },
            Object {
              "marginRight": 4,
            },
            Object {
              "backgroundColor": undefined,
            },
          ]
        }
      >
        <View
          style={
            Array [
              undefined,
              undefined,
              Object {
                "borderRadius": 6,
                "padding": 2,
              },
            ]
          }
        >
          <View />
        </View>
      </View>
    </View>
    <Text
      style={
        Array [
          Object {
            "color": "#212745",
            "fontFamily": "BeVietnamPro-Medium",
            "fontSize": 13,
          },
          Object {
            "color": "#353E6E",
          },
          undefined,
        ]
      }
    >
      Post auto-saved
    </Text>
  </View>
</View>
`;
