// Jest Snapshot v1, https://goo.gl/fbAQLP

exports[`VideoPlayer component renders correctly 1`] = `null`;
