// Jest Snapshot v1, https://goo.gl/fbAQLP

exports[`CommunityAdmin component should render data correctly 1`] = `
<View
  style={
    Array [
      Object {
        "backgroundColor": "#FFFFFF",
      },
      Object {
        "flex": 1,
      },
      undefined,
    ]
  }
  testID="CommunityAdmin"
>
  <View
    style={
      Object {
        "zIndex": 2,
      }
    }
    testID="header"
  >
    <View
      style={
        Array [
          Object {
            "alignItems": "flex-end",
            "backgroundColor": "#FFFFFF",
            "flexDirection": "row",
            "minHeight": 44,
            "paddingTop": 0,
            "paddingVertical": 4,
          },
          Object {
            "elevation": 2,
            "shadowColor": "rgba(0, 0, 0, 1)",
            "shadowOffset": Object {
              "height": 2,
              "width": 0,
            },
            "shadowOpacity": 0.12,
            "shadowRadius": 1.5,
          },
          undefined,
        ]
      }
      testID="header.content"
    >
      <View
        style={
          Object {
            "alignItems": "center",
            "backgroundColor": "#FFFFFF",
            "flex": 1,
            "flexDirection": "row",
            "overflow": "hidden",
            "paddingLeft": 8,
            "paddingRight": 8,
          }
        }
      >
        <View
          accessibilityState={
            Object {
              "disabled": false,
            }
          }
          accessible={true}
          collapsable={false}
          focusable={true}
          hitSlop={
            Object {
              "bottom": 20,
              "left": 20,
              "right": 20,
              "top": 20,
            }
          }
          onClick={[Function]}
          onResponderGrant={[Function]}
          onResponderMove={[Function]}
          onResponderRelease={[Function]}
          onResponderTerminate={[Function]}
          onResponderTerminationRequest={[Function]}
          onStartShouldSetResponder={[Function]}
          style={
            Object {
              "opacity": 1,
            }
          }
          testID="header.back.button"
        >
          <View
            style={
              Array [
                Object {
                  "alignItems": "center",
                  "flexDirection": "row",
                },
                Object {
                  "alignItems": "center",
                  "height": 44,
                  "justifyContent": "center",
                  "padding": 12,
                  "width": 44,
                },
                Object {
                  "backgroundColor": undefined,
                },
              ]
            }
          >
            <View
              style={
                Array [
                  undefined,
                  undefined,
                  undefined,
                ]
              }
            >
              <View
                testID="header.back"
              />
            </View>
          </View>
        </View>
        <View
          style={
            Array [
              Object {
                "flex": 1,
                "justifyContent": "center",
                "paddingVertical": 8,
              },
              Object {},
            ]
          }
        />
      </View>
      <View
        style={
          Object {
            "backgroundColor": "#FFFFFF",
            "height": 0,
            "position": "absolute",
            "top": 0,
            "width": "100%",
          }
        }
      />
    </View>
  </View>
  <View
    style={
      Array [
        Object {
          "alignSelf": "stretch",
          "backgroundColor": "#E3E6F2",
          "height": 4,
          "marginHorizontal": 0,
          "width": undefined,
        },
        Object {},
      ]
    }
    testID="divider"
  />
  <View
    style={
      Object {
        "paddingTop": 16,
      }
    }
  >
    <Text
      style={
        Array [
          Object {
            "color": "#212745",
            "fontFamily": "BeVietnamPro-Light",
            "fontSize": 15,
          },
          Object {
            "color": "#181C32",
          },
          Object {
            "marginHorizontal": 16,
            "marginVertical": 12,
          },
        ]
      }
    >
      Community Moderating
    </Text>
    <View>
      <View
        accessibilityState={
          Object {
            "disabled": false,
          }
        }
        accessible={true}
        collapsable={false}
        focusable={true}
        onClick={[Function]}
        onResponderGrant={[Function]}
        onResponderMove={[Function]}
        onResponderRelease={[Function]}
        onResponderTerminate={[Function]}
        onResponderTerminationRequest={[Function]}
        onStartShouldSetResponder={[Function]}
        style={
          Object {
            "opacity": 1,
          }
        }
        testID="community_admin.pending_posts"
      >
        <View
          style={
            Array [
              Object {
                "alignItems": "center",
                "flexDirection": "row",
                "paddingHorizontal": 16,
                "paddingVertical": 12,
              },
              undefined,
            ]
          }
        >
          <View
            accessibilityState={
              Object {
                "disabled": true,
              }
            }
            accessible={true}
            collapsable={false}
            focusable={false}
            hitSlop={
              Object {
                "bottom": 10,
                "left": 10,
                "right": 10,
                "top": 10,
              }
            }
            onClick={[Function]}
            onResponderGrant={[Function]}
            onResponderMove={[Function]}
            onResponderRelease={[Function]}
            onResponderTerminate={[Function]}
            onResponderTerminationRequest={[Function]}
            onStartShouldSetResponder={[Function]}
            style={
              Object {
                "opacity": 1,
              }
            }
          >
            <View
              style={
                Array [
                  Object {
                    "alignItems": "center",
                    "flexDirection": "row",
                  },
                  undefined,
                  Object {
                    "backgroundColor": undefined,
                  },
                ]
              }
            >
              <View
                style={
                  Array [
                    undefined,
                    undefined,
                    undefined,
                  ]
                }
              >
                <View />
              </View>
            </View>
          </View>
          <View
            style={
              Object {
                "flex": 1,
                "marginLeft": 16,
              }
            }
          >
            <Text
              style={
                Array [
                  Object {
                    "color": "#212745",
                    "fontFamily": "BeVietnamPro-Medium",
                    "fontSize": 15,
                  },
                  Object {},
                  undefined,
                ]
              }
              testID="menu_item.title"
            >
              Pending Posts
            </Text>
          </View>
          <View
            style={
              Array [
                Object {
                  "alignItems": "center",
                  "backgroundColor": "#E90C22",
                  "borderRadius": 100,
                  "height": 20,
                  "justifyContent": "center",
                  "minWidth": 20,
                  "paddingBottom": 2,
                  "paddingHorizontal": 5,
                },
                undefined,
              ]
            }
          >
            <Text
              style={
                Array [
                  Object {
                    "color": "#212745",
                    "fontFamily": "BeVietnamPro-Light",
                    "fontSize": 13,
                  },
                  Object {},
                  Array [
                    Object {
                      "color": "#FFFFFF",
                      "lineHeight": 16,
                      "textAlign": "center",
                    },
                    Object {},
                  ],
                ]
              }
            >
              99+
            </Text>
          </View>
          <View
            style={
              Object {
                "flexDirection": "row",
              }
            }
          >
            <View
              accessibilityState={
                Object {
                  "disabled": true,
                }
              }
              accessible={true}
              collapsable={false}
              focusable={false}
              hitSlop={
                Object {
                  "bottom": 10,
                  "left": 10,
                  "right": 10,
                  "top": 10,
                }
              }
              onClick={[Function]}
              onResponderGrant={[Function]}
              onResponderMove={[Function]}
              onResponderRelease={[Function]}
              onResponderTerminate={[Function]}
              onResponderTerminationRequest={[Function]}
              onStartShouldSetResponder={[Function]}
              style={
                Object {
                  "opacity": 1,
                }
              }
            >
              <View
                style={
                  Array [
                    Object {
                      "alignItems": "center",
                      "flexDirection": "row",
                    },
                    Object {
                      "marginLeft": 12,
                    },
                    Object {
                      "backgroundColor": undefined,
                    },
                  ]
                }
              >
                <View
                  style={
                    Array [
                      undefined,
                      undefined,
                      undefined,
                    ]
                  }
                >
                  <View
                    testID="menu_item.right_sub_icon"
                  />
                </View>
              </View>
            </View>
          </View>
        </View>
      </View>
    </View>
    <Text
      style={
        Array [
          Object {
            "color": "#212745",
            "fontFamily": "BeVietnamPro-Light",
            "fontSize": 15,
          },
          Object {
            "color": "#181C32",
          },
          Object {
            "marginHorizontal": 16,
            "marginVertical": 12,
          },
        ]
      }
    >
      Community Settings
    </Text>
    <View>
      <View
        accessibilityState={
          Object {
            "disabled": false,
          }
        }
        accessible={true}
        collapsable={false}
        focusable={true}
        onClick={[Function]}
        onResponderGrant={[Function]}
        onResponderMove={[Function]}
        onResponderRelease={[Function]}
        onResponderTerminate={[Function]}
        onResponderTerminationRequest={[Function]}
        onStartShouldSetResponder={[Function]}
        style={
          Object {
            "opacity": 1,
          }
        }
        testID="community_admin.post_settings"
      >
        <View
          style={
            Array [
              Object {
                "alignItems": "center",
                "flexDirection": "row",
                "paddingHorizontal": 16,
                "paddingVertical": 12,
              },
              undefined,
            ]
          }
        >
          <View
            accessibilityState={
              Object {
                "disabled": true,
              }
            }
            accessible={true}
            collapsable={false}
            focusable={false}
            hitSlop={
              Object {
                "bottom": 10,
                "left": 10,
                "right": 10,
                "top": 10,
              }
            }
            onClick={[Function]}
            onResponderGrant={[Function]}
            onResponderMove={[Function]}
            onResponderRelease={[Function]}
            onResponderTerminate={[Function]}
            onResponderTerminationRequest={[Function]}
            onStartShouldSetResponder={[Function]}
            style={
              Object {
                "opacity": 1,
              }
            }
          >
            <View
              style={
                Array [
                  Object {
                    "alignItems": "center",
                    "flexDirection": "row",
                  },
                  undefined,
                  Object {
                    "backgroundColor": undefined,
                  },
                ]
              }
            >
              <View
                style={
                  Array [
                    undefined,
                    undefined,
                    undefined,
                  ]
                }
              >
                <View />
              </View>
            </View>
          </View>
          <View
            style={
              Object {
                "flex": 1,
                "marginLeft": 16,
              }
            }
          >
            <Text
              style={
                Array [
                  Object {
                    "color": "#212745",
                    "fontFamily": "BeVietnamPro-Medium",
                    "fontSize": 15,
                  },
                  Object {},
                  undefined,
                ]
              }
              testID="menu_item.title"
            >
              Post Settings
            </Text>
          </View>
          <View
            style={
              Object {
                "flexDirection": "row",
              }
            }
          >
            <View
              accessibilityState={
                Object {
                  "disabled": true,
                }
              }
              accessible={true}
              collapsable={false}
              focusable={false}
              hitSlop={
                Object {
                  "bottom": 10,
                  "left": 10,
                  "right": 10,
                  "top": 10,
                }
              }
              onClick={[Function]}
              onResponderGrant={[Function]}
              onResponderMove={[Function]}
              onResponderRelease={[Function]}
              onResponderTerminate={[Function]}
              onResponderTerminationRequest={[Function]}
              onStartShouldSetResponder={[Function]}
              style={
                Object {
                  "opacity": 1,
                }
              }
            >
              <View
                style={
                  Array [
                    Object {
                      "alignItems": "center",
                      "flexDirection": "row",
                    },
                    Object {
                      "marginLeft": 12,
                    },
                    Object {
                      "backgroundColor": undefined,
                    },
                  ]
                }
              >
                <View
                  style={
                    Array [
                      undefined,
                      undefined,
                      undefined,
                    ]
                  }
                >
                  <View
                    testID="menu_item.right_sub_icon"
                  />
                </View>
              </View>
            </View>
          </View>
        </View>
      </View>
    </View>
  </View>
</View>
`;
