// Jest Snapshot v1, https://goo.gl/fbAQLP

exports[`ReportContent component renders correctly 1`] = `
<View
  style={
    Object {
      "paddingHorizontal": 16,
    }
  }
>
  <View
    style={
      Object {
        "alignItems": "center",
        "flexDirection": "row",
        "marginTop": 16,
      }
    }
  >
    <View
      accessibilityState={
        Object {
          "disabled": false,
        }
      }
      accessible={true}
      collapsable={false}
      focusable={true}
      hitSlop={
        Object {
          "bottom": 10,
          "left": 10,
          "right": 10,
          "top": 10,
        }
      }
      onClick={[Function]}
      onResponderGrant={[Function]}
      onResponderMove={[Function]}
      onResponderRelease={[Function]}
      onResponderTerminate={[Function]}
      onResponderTerminationRequest={[Function]}
      onStartShouldSetResponder={[Function]}
      style={
        Object {
          "opacity": 1,
        }
      }
    >
      <View
        style={
          Array [
            Object {
              "alignItems": "center",
              "flexDirection": "row",
            },
            Object {
              "marginRight": 8,
            },
            Object {
              "backgroundColor": undefined,
            },
          ]
        }
      >
        <View
          style={
            Array [
              undefined,
              undefined,
              undefined,
            ]
          }
        >
          <View />
        </View>
      </View>
    </View>
    <View
      style={
        Object {
          "flex": 1,
        }
      }
    >
      <Text
        style={
          Array [
            Object {
              "color": "#181C32",
              "fontFamily": "BeVietnamPro-SemiBold",
              "fontSize": 17,
            },
            Object {
              "color": "#181C32",
            },
            undefined,
          ]
        }
      >
        Report Content to Community Admin
      </Text>
    </View>
  </View>
  <View
    style={
      Object {
        "alignItems": "center",
        "height": 466.9,
        "justifyContent": "center",
      }
    }
  >
    <ActivityIndicator
      color="#BABEC9"
      size="small"
    />
  </View>
</View>
`;
