// Jest Snapshot v1, https://goo.gl/fbAQLP

exports[`MemberSearchResult component should render data correctly 1`] = `
<RCTScrollView
  ItemSeparatorComponent={[Function]}
  ListEmptyComponent={[Function]}
  ListFooterComponent={[Function]}
  ListHeaderComponent={[Function]}
  data={
    Array [
      Object {
        "avatar": "https://bein-entity-attribute-sandbox.s3.ap-southeast-1.amazonaws.com/user/avatar/images/original/e41d70bc-0bfd-4c56-a461-c2dfb10434c1.jpg",
        "chat_user_id": "tg6kmc6cmybgwpcif9znngyyebe",
        "fullname": "Test Name",
        "id": 1,
        "roles": Object {
          "name": "COMMUNITY_ADMIN",
        },
        "username": "test",
      },
      Object {
        "avatar": "https://bein-entity-attribute-sandbox.s3.ap-southeast-1.amazonaws.com/user/avatar/images/original/e41d70bc-0bfd-4c56-a461-c2dfb10434c1.jpg",
        "chat_user_id": "tg6kmc6cmybgwpcif9znngyyebe",
        "fullname": "Test Name",
        "id": 1,
        "roles": Object {
          "name": "MEMBER",
        },
        "username": "test",
      },
    ]
  }
  getItem={[Function]}
  getItemCount={[Function]}
  keyExtractor={[Function]}
  onContentSizeChange={[Function]}
  onEndReachedThreshold={0.1}
  onLayout={[Function]}
  onMomentumScrollBegin={[Function]}
  onMomentumScrollEnd={[Function]}
  onScroll={[Function]}
  onScrollBeginDrag={[Function]}
  onScrollEndDrag={[Function]}
  removeClippedSubviews={false}
  renderItem={[Function]}
  scrollEventThrottle={50}
  showsVerticalScrollIndicator={false}
  stickyHeaderIndices={Array []}
  testID="flatlist"
  viewabilityConfigCallbackPairs={Array []}
>
  <View>
    <View
      onLayout={[Function]}
    >
      <View
        style={
          Object {
            "marginHorizontal": 16,
            "marginVertical": 12,
          }
        }
      >
        <Text
          style={
            Array [
              Object {
                "color": undefined,
                "fontFamily": "BeVietnamPro-Light",
                "fontSize": 15,
              },
              Object {},
              undefined,
            ]
          }
        >
          Search Results
        </Text>
      </View>
    </View>
    <View
      onLayout={[Function]}
      style={null}
    >
      <View>
        <View
          accessibilityState={
            Object {
              "disabled": false,
            }
          }
          accessible={true}
          collapsable={false}
          focusable={true}
          onClick={[Function]}
          onResponderGrant={[Function]}
          onResponderMove={[Function]}
          onResponderRelease={[Function]}
          onResponderTerminate={[Function]}
          onResponderTerminationRequest={[Function]}
          onStartShouldSetResponder={[Function]}
          style={
            Object {
              "alignItems": "center",
              "flexDirection": "row",
              "height": undefined,
              "opacity": 1,
              "paddingHorizontal": 16,
              "paddingVertical": 4,
            }
          }
          testID="member_item"
        >
          <View
            style={
              Object {
                "borderRadius": 4,
                "height": 40,
                "marginRight": 12,
                "width": 40,
              }
            }
            testID="avatar"
          >
            <View
              style={
                Object {
                  "borderRadius": 20,
                  "height": 40,
                  "width": 40,
                }
              }
              testID="avatar_container"
            >
              <View
                onLayout={[Function]}
                style={
                  Object {
                    "backgroundColor": "transparent",
                    "position": "relative",
                  }
                }
              >
                <View
                  collapsable={false}
                  style={
                    Object {
                      "bottom": 0,
                      "left": 0,
                      "opacity": 1,
                      "position": "absolute",
                      "right": 0,
                      "top": 0,
                    }
                  }
                >
                  <View
                    style={
                      Object {
                        "alignItems": "center",
                        "backgroundColor": "#f9f9f9",
                        "borderRadius": 20,
                        "height": 40,
                        "justifyContent": "center",
                        "width": 40,
                      }
                    }
                    testID="Image__placeholder"
                  />
                </View>
                <View
                  style={
                    Array [
                      Object {
                        "overflow": "hidden",
                      },
                      Object {
                        "borderRadius": 20,
                        "height": 40,
                        "width": 40,
                      },
                    ]
                  }
                >
                  <FastImageView
                    onFastImageError={[Function]}
                    onFastImageLoadEnd={[Function]}
                    resizeMode="cover"
                    source={
                      Object {
                        "uri": "https://bein-entity-attribute-sandbox.s3.ap-southeast-1.amazonaws.com/user/avatar/images/original/e41d70bc-0bfd-4c56-a461-c2dfb10434c1.jpg",
                      }
                    }
                    style={
                      Object {
                        "bottom": 0,
                        "left": 0,
                        "position": "absolute",
                        "right": 0,
                        "top": 0,
                      }
                    }
                    testID="avatar.image"
                  />
                </View>
              </View>
            </View>
          </View>
          <View
            style={
              Object {
                "flex": 1,
              }
            }
          >
            <Text
              numberOfLines={1}
              style={
                Array [
                  Object {
                    "color": undefined,
                    "fontFamily": "BeVietnamPro-Light",
                    "fontSize": 15,
                  },
                  Object {},
                  undefined,
                ]
              }
            >
              Test Name
              <Text
                style={
                  Array [
                    Object {
                      "color": undefined,
                      "fontFamily": "BeVietnamPro-Light",
                      "fontSize": 13,
                    },
                    Object {},
                    undefined,
                  ]
                }
              >
                 @test
              </Text>
            </Text>
          </View>
          <View
            accessibilityState={
              Object {
                "disabled": false,
              }
            }
            accessible={true}
            collapsable={false}
            focusable={true}
            hitSlop={
              Object {
                "bottom": 10,
                "left": 10,
                "right": 10,
                "top": 10,
              }
            }
            onClick={[Function]}
            onResponderGrant={[Function]}
            onResponderMove={[Function]}
            onResponderRelease={[Function]}
            onResponderTerminate={[Function]}
            onResponderTerminationRequest={[Function]}
            onStartShouldSetResponder={[Function]}
            style={
              Object {
                "opacity": 1,
              }
            }
            testID="member_item.icon_chat.button"
          >
            <View
              style={
                Array [
                  Object {
                    "alignItems": "center",
                    "flexDirection": "row",
                  },
                  Object {
                    "alignItems": "center",
                    "height": 36,
                    "justifyContent": "center",
                    "marginLeft": 4,
                    "padding": 8,
                    "width": 36,
                  },
                  Object {
                    "backgroundColor": undefined,
                  },
                ]
              }
            >
              <View
                style={
                  Array [
                    undefined,
                    undefined,
                    undefined,
                  ]
                }
              >
                <View />
              </View>
            </View>
          </View>
          <View
            accessibilityState={
              Object {
                "disabled": false,
              }
            }
            accessible={true}
            collapsable={false}
            focusable={true}
            hitSlop={
              Object {
                "bottom": 10,
                "left": 10,
                "right": 10,
                "top": 10,
              }
            }
            onClick={[Function]}
            onResponderGrant={[Function]}
            onResponderMove={[Function]}
            onResponderRelease={[Function]}
            onResponderTerminate={[Function]}
            onResponderTerminationRequest={[Function]}
            onStartShouldSetResponder={[Function]}
            style={
              Object {
                "opacity": 1,
              }
            }
            testID="member_item.icon_option.button"
          >
            <View
              style={
                Array [
                  Object {
                    "alignItems": "center",
                    "flexDirection": "row",
                  },
                  Object {
                    "marginLeft": 8,
                  },
                  Object {
                    "backgroundColor": undefined,
                  },
                ]
              }
            >
              <View
                style={
                  Array [
                    undefined,
                    undefined,
                    undefined,
                  ]
                }
              >
                <View />
              </View>
            </View>
          </View>
        </View>
      </View>
      <View
        style={
          Object {
            "height": 4,
            "paddingHorizontal": undefined,
            "paddingVertical": undefined,
            "width": undefined,
          }
        }
      />
    </View>
    <View
      onLayout={[Function]}
      style={null}
    >
      <View>
        <View
          accessibilityState={
            Object {
              "disabled": false,
            }
          }
          accessible={true}
          collapsable={false}
          focusable={true}
          onClick={[Function]}
          onResponderGrant={[Function]}
          onResponderMove={[Function]}
          onResponderRelease={[Function]}
          onResponderTerminate={[Function]}
          onResponderTerminationRequest={[Function]}
          onStartShouldSetResponder={[Function]}
          style={
            Object {
              "alignItems": "center",
              "flexDirection": "row",
              "height": undefined,
              "opacity": 1,
              "paddingHorizontal": 16,
              "paddingVertical": 4,
            }
          }
          testID="member_item"
        >
          <View
            style={
              Object {
                "borderRadius": 4,
                "height": 40,
                "marginRight": 12,
                "width": 40,
              }
            }
            testID="avatar"
          >
            <View
              style={
                Object {
                  "borderRadius": 20,
                  "height": 40,
                  "width": 40,
                }
              }
              testID="avatar_container"
            >
              <View
                onLayout={[Function]}
                style={
                  Object {
                    "backgroundColor": "transparent",
                    "position": "relative",
                  }
                }
              >
                <View
                  collapsable={false}
                  style={
                    Object {
                      "bottom": 0,
                      "left": 0,
                      "opacity": 1,
                      "position": "absolute",
                      "right": 0,
                      "top": 0,
                    }
                  }
                >
                  <View
                    style={
                      Object {
                        "alignItems": "center",
                        "backgroundColor": "#f9f9f9",
                        "borderRadius": 20,
                        "height": 40,
                        "justifyContent": "center",
                        "width": 40,
                      }
                    }
                    testID="Image__placeholder"
                  />
                </View>
                <View
                  style={
                    Array [
                      Object {
                        "overflow": "hidden",
                      },
                      Object {
                        "borderRadius": 20,
                        "height": 40,
                        "width": 40,
                      },
                    ]
                  }
                >
                  <FastImageView
                    onFastImageError={[Function]}
                    onFastImageLoadEnd={[Function]}
                    resizeMode="cover"
                    source={
                      Object {
                        "uri": "https://bein-entity-attribute-sandbox.s3.ap-southeast-1.amazonaws.com/user/avatar/images/original/e41d70bc-0bfd-4c56-a461-c2dfb10434c1.jpg",
                      }
                    }
                    style={
                      Object {
                        "bottom": 0,
                        "left": 0,
                        "position": "absolute",
                        "right": 0,
                        "top": 0,
                      }
                    }
                    testID="avatar.image"
                  />
                </View>
              </View>
            </View>
          </View>
          <View
            style={
              Object {
                "flex": 1,
              }
            }
          >
            <Text
              numberOfLines={1}
              style={
                Array [
                  Object {
                    "color": undefined,
                    "fontFamily": "BeVietnamPro-Light",
                    "fontSize": 15,
                  },
                  Object {},
                  undefined,
                ]
              }
            >
              Test Name
              <Text
                style={
                  Array [
                    Object {
                      "color": undefined,
                      "fontFamily": "BeVietnamPro-Light",
                      "fontSize": 13,
                    },
                    Object {},
                    undefined,
                  ]
                }
              >
                 @test
              </Text>
            </Text>
          </View>
          <View
            accessibilityState={
              Object {
                "disabled": false,
              }
            }
            accessible={true}
            collapsable={false}
            focusable={true}
            hitSlop={
              Object {
                "bottom": 10,
                "left": 10,
                "right": 10,
                "top": 10,
              }
            }
            onClick={[Function]}
            onResponderGrant={[Function]}
            onResponderMove={[Function]}
            onResponderRelease={[Function]}
            onResponderTerminate={[Function]}
            onResponderTerminationRequest={[Function]}
            onStartShouldSetResponder={[Function]}
            style={
              Object {
                "opacity": 1,
              }
            }
            testID="member_item.icon_chat.button"
          >
            <View
              style={
                Array [
                  Object {
                    "alignItems": "center",
                    "flexDirection": "row",
                  },
                  Object {
                    "alignItems": "center",
                    "height": 36,
                    "justifyContent": "center",
                    "marginLeft": 4,
                    "padding": 8,
                    "width": 36,
                  },
                  Object {
                    "backgroundColor": undefined,
                  },
                ]
              }
            >
              <View
                style={
                  Array [
                    undefined,
                    undefined,
                    undefined,
                  ]
                }
              >
                <View />
              </View>
            </View>
          </View>
          <View
            accessibilityState={
              Object {
                "disabled": false,
              }
            }
            accessible={true}
            collapsable={false}
            focusable={true}
            hitSlop={
              Object {
                "bottom": 10,
                "left": 10,
                "right": 10,
                "top": 10,
              }
            }
            onClick={[Function]}
            onResponderGrant={[Function]}
            onResponderMove={[Function]}
            onResponderRelease={[Function]}
            onResponderTerminate={[Function]}
            onResponderTerminationRequest={[Function]}
            onStartShouldSetResponder={[Function]}
            style={
              Object {
                "opacity": 1,
              }
            }
            testID="member_item.icon_option.button"
          >
            <View
              style={
                Array [
                  Object {
                    "alignItems": "center",
                    "flexDirection": "row",
                  },
                  Object {
                    "marginLeft": 8,
                  },
                  Object {
                    "backgroundColor": undefined,
                  },
                ]
              }
            >
              <View
                style={
                  Array [
                    undefined,
                    undefined,
                    undefined,
                  ]
                }
              >
                <View />
              </View>
            </View>
          </View>
        </View>
      </View>
    </View>
    <View
      onLayout={[Function]}
    />
  </View>
</RCTScrollView>
`;
