// Jest Snapshot v1, https://goo.gl/fbAQLP

exports[`ReactionDetailBottomSheet component renders correctly 1`] = `
<View>
  <View>
    <View>
      <RCTScrollView
        data={Array []}
        getItem={[Function]}
        getItemCount={[Function]}
        getItemLayout={[Function]}
        horizontal={true}
        keyExtractor={[Function]}
        onContentSizeChange={[Function]}
        onLayout={[Function]}
        onMomentumScrollBegin={[Function]}
        onMomentumScrollEnd={[Function]}
        onScroll={[Function]}
        onScrollBeginDrag={[Function]}
        onScrollEndDrag={[Function]}
        onScrollToIndexFailed={[Function]}
        removeClippedSubviews={false}
        renderItem={[Function]}
        scrollEventThrottle={50}
        showsHorizontalScrollIndicator={false}
        snapToInterval={80}
        stickyHeaderIndices={Array []}
        style={
          Object {
            "borderBottomWidth": 1,
            "borderColor": "#A4A9B7",
          }
        }
        viewabilityConfigCallbackPairs={Array []}
      >
        <View />
      </RCTScrollView>
      <View
        style={
          Object {
            "height": 800.4,
          }
        }
      >
        <RCTScrollView
          ListFooterComponent={[Function]}
          ListHeaderComponent={[Function]}
          data={
            Array [
              Object {
                "avatar": "https://bein-entity-attribute-sandbox.s3.ap-southeast-1.amazonaws.com/user/avatar/images/original/75f92c17-843b-49de-8445-93531854fd65.jpeg",
                "fullname": "Hoàng Minh Trọng",
                "id": "53",
              },
              Object {
                "avatar": "https://bein-entity-attribute-stg.s3.ap-southeast-1.amazonaws.com/user/avatar/Avatar_Profile.png",
                "fullname": "Nguyễn Thị Ngọc Linh",
                "id": "33",
              },
              Object {
                "avatar": "https://bein-entity-attribute-sandbox.s3.ap-southeast-1.amazonaws.com/user/avatar/images/original/363963d1-e89a-4899-855e-44b1f66401dc.jpg",
                "fullname": "Nguyen Thi Thu Queen",
                "id": "58",
              },
            ]
          }
          getItem={[Function]}
          getItemCount={[Function]}
          keyExtractor={[Function]}
          onContentSizeChange={[Function]}
          onEndReached={[Function]}
          onLayout={[Function]}
          onMomentumScrollBegin={[Function]}
          onMomentumScrollEnd={[Function]}
          onScroll={[Function]}
          onScrollBeginDrag={[Function]}
          onScrollEndDrag={[Function]}
          removeClippedSubviews={false}
          renderItem={[Function]}
          scrollEventThrottle={50}
          stickyHeaderIndices={Array []}
          style={
            Object {
              "paddingTop": 4,
            }
          }
          testID="reaction_detail_bottomSheet.list_user"
          viewabilityConfigCallbackPairs={Array []}
        >
          <View>
            <View
              onLayout={[Function]}
            >
              <View
                style={
                  Object {
                    "paddingTop": 4,
                  }
                }
              />
            </View>
            <View
              onLayout={[Function]}
              style={null}
            >
              <View>
                <View
                  accessibilityState={
                    Object {
                      "disabled": false,
                    }
                  }
                  accessible={true}
                  collapsable={false}
                  focusable={true}
                  onClick={[Function]}
                  onResponderGrant={[Function]}
                  onResponderMove={[Function]}
                  onResponderRelease={[Function]}
                  onResponderTerminate={[Function]}
                  onResponderTerminationRequest={[Function]}
                  onStartShouldSetResponder={[Function]}
                  style={
                    Object {
                      "alignItems": "center",
                      "flexDirection": "row",
                      "height": 44,
                      "opacity": 1,
                      "paddingHorizontal": 12,
                    }
                  }
                  testID="reaction_detail_bottomSheet.Hoàng Minh Trọng"
                >
                  <View
                    style={
                      Object {
                        "borderRadius": 4,
                        "height": 40,
                        "marginRight": 12,
                        "width": 40,
                      }
                    }
                    testID="avatar"
                  >
                    <View
                      style={
                        Object {
                          "borderRadius": 4,
                          "height": 40,
                          "width": 40,
                        }
                      }
                      testID="avatar_container"
                    >
                      <View
                        onLayout={[Function]}
                        style={
                          Object {
                            "backgroundColor": "transparent",
                            "position": "relative",
                          }
                        }
                      >
                        <View
                          collapsable={false}
                          style={
                            Object {
                              "bottom": 0,
                              "left": 0,
                              "opacity": 1,
                              "position": "absolute",
                              "right": 0,
                              "top": 0,
                            }
                          }
                        >
                          <View
                            style={
                              Object {
                                "alignItems": "center",
                                "backgroundColor": "#f9f9f9",
                                "borderRadius": 4,
                                "height": 40,
                                "justifyContent": "center",
                                "width": 40,
                              }
                            }
                            testID="Image__placeholder"
                          />
                        </View>
                        <View
                          style={
                            Array [
                              Object {
                                "overflow": "hidden",
                              },
                              Object {
                                "borderRadius": 4,
                                "height": 40,
                                "width": 40,
                              },
                            ]
                          }
                        >
                          <FastImageView
                            onFastImageError={[Function]}
                            onFastImageLoadEnd={[Function]}
                            resizeMode="cover"
                            source={
                              Object {
                                "uri": "https://bein-entity-attribute-sandbox.s3.ap-southeast-1.amazonaws.com/user/avatar/images/original/75f92c17-843b-49de-8445-93531854fd65.jpeg",
                              }
                            }
                            style={
                              Object {
                                "bottom": 0,
                                "left": 0,
                                "position": "absolute",
                                "right": 0,
                                "top": 0,
                              }
                            }
                            testID="avatar.image"
                          />
                        </View>
                      </View>
                    </View>
                  </View>
                  <View
                    style={
                      Object {
                        "flex": 1,
                      }
                    }
                  >
                    <Text
                      numberOfLines={2}
                      style={
                        Array [
                          Object {
                            "color": "#181C32",
                            "fontFamily": "BeVietnamPro-SemiBold",
                            "fontSize": 13,
                          },
                          Object {},
                          undefined,
                        ]
                      }
                    >
                      Hoàng Minh Trọng
                    </Text>
                  </View>
                </View>
              </View>
            </View>
            <View
              onLayout={[Function]}
              style={null}
            >
              <View>
                <View
                  accessibilityState={
                    Object {
                      "disabled": false,
                    }
                  }
                  accessible={true}
                  collapsable={false}
                  focusable={true}
                  onClick={[Function]}
                  onResponderGrant={[Function]}
                  onResponderMove={[Function]}
                  onResponderRelease={[Function]}
                  onResponderTerminate={[Function]}
                  onResponderTerminationRequest={[Function]}
                  onStartShouldSetResponder={[Function]}
                  style={
                    Object {
                      "alignItems": "center",
                      "flexDirection": "row",
                      "height": 44,
                      "opacity": 1,
                      "paddingHorizontal": 12,
                    }
                  }
                  testID="reaction_detail_bottomSheet.Nguyễn Thị Ngọc Linh"
                >
                  <View
                    style={
                      Object {
                        "borderRadius": 4,
                        "height": 40,
                        "marginRight": 12,
                        "width": 40,
                      }
                    }
                    testID="avatar"
                  >
                    <View
                      style={
                        Object {
                          "borderRadius": 4,
                          "height": 40,
                          "width": 40,
                        }
                      }
                      testID="avatar_container"
                    >
                      <View
                        onLayout={[Function]}
                        style={
                          Object {
                            "backgroundColor": "transparent",
                            "position": "relative",
                          }
                        }
                      >
                        <View
                          collapsable={false}
                          style={
                            Object {
                              "bottom": 0,
                              "left": 0,
                              "opacity": 1,
                              "position": "absolute",
                              "right": 0,
                              "top": 0,
                            }
                          }
                        >
                          <View
                            style={
                              Object {
                                "alignItems": "center",
                                "backgroundColor": "#f9f9f9",
                                "borderRadius": 4,
                                "height": 40,
                                "justifyContent": "center",
                                "width": 40,
                              }
                            }
                            testID="Image__placeholder"
                          />
                        </View>
                        <View
                          style={
                            Array [
                              Object {
                                "overflow": "hidden",
                              },
                              Object {
                                "borderRadius": 4,
                                "height": 40,
                                "width": 40,
                              },
                            ]
                          }
                        >
                          <FastImageView
                            onFastImageError={[Function]}
                            onFastImageLoadEnd={[Function]}
                            resizeMode="cover"
                            source={
                              Object {
                                "uri": "https://bein-entity-attribute-stg.s3.ap-southeast-1.amazonaws.com/user/avatar/Avatar_Profile.png",
                              }
                            }
                            style={
                              Object {
                                "bottom": 0,
                                "left": 0,
                                "position": "absolute",
                                "right": 0,
                                "top": 0,
                              }
                            }
                            testID="avatar.image"
                          />
                        </View>
                      </View>
                    </View>
                  </View>
                  <View
                    style={
                      Object {
                        "flex": 1,
                      }
                    }
                  >
                    <Text
                      numberOfLines={2}
                      style={
                        Array [
                          Object {
                            "color": "#181C32",
                            "fontFamily": "BeVietnamPro-SemiBold",
                            "fontSize": 13,
                          },
                          Object {},
                          undefined,
                        ]
                      }
                    >
                      Nguyễn Thị Ngọc Linh
                    </Text>
                  </View>
                </View>
              </View>
            </View>
            <View
              onLayout={[Function]}
              style={null}
            >
              <View>
                <View
                  accessibilityState={
                    Object {
                      "disabled": false,
                    }
                  }
                  accessible={true}
                  collapsable={false}
                  focusable={true}
                  onClick={[Function]}
                  onResponderGrant={[Function]}
                  onResponderMove={[Function]}
                  onResponderRelease={[Function]}
                  onResponderTerminate={[Function]}
                  onResponderTerminationRequest={[Function]}
                  onStartShouldSetResponder={[Function]}
                  style={
                    Object {
                      "alignItems": "center",
                      "flexDirection": "row",
                      "height": 44,
                      "opacity": 1,
                      "paddingHorizontal": 12,
                    }
                  }
                  testID="reaction_detail_bottomSheet.Nguyen Thi Thu Queen"
                >
                  <View
                    style={
                      Object {
                        "borderRadius": 4,
                        "height": 40,
                        "marginRight": 12,
                        "width": 40,
                      }
                    }
                    testID="avatar"
                  >
                    <View
                      style={
                        Object {
                          "borderRadius": 4,
                          "height": 40,
                          "width": 40,
                        }
                      }
                      testID="avatar_container"
                    >
                      <View
                        onLayout={[Function]}
                        style={
                          Object {
                            "backgroundColor": "transparent",
                            "position": "relative",
                          }
                        }
                      >
                        <View
                          collapsable={false}
                          style={
                            Object {
                              "bottom": 0,
                              "left": 0,
                              "opacity": 1,
                              "position": "absolute",
                              "right": 0,
                              "top": 0,
                            }
                          }
                        >
                          <View
                            style={
                              Object {
                                "alignItems": "center",
                                "backgroundColor": "#f9f9f9",
                                "borderRadius": 4,
                                "height": 40,
                                "justifyContent": "center",
                                "width": 40,
                              }
                            }
                            testID="Image__placeholder"
                          />
                        </View>
                        <View
                          style={
                            Array [
                              Object {
                                "overflow": "hidden",
                              },
                              Object {
                                "borderRadius": 4,
                                "height": 40,
                                "width": 40,
                              },
                            ]
                          }
                        >
                          <FastImageView
                            onFastImageError={[Function]}
                            onFastImageLoadEnd={[Function]}
                            resizeMode="cover"
                            source={
                              Object {
                                "uri": "https://bein-entity-attribute-sandbox.s3.ap-southeast-1.amazonaws.com/user/avatar/images/original/363963d1-e89a-4899-855e-44b1f66401dc.jpg",
                              }
                            }
                            style={
                              Object {
                                "bottom": 0,
                                "left": 0,
                                "position": "absolute",
                                "right": 0,
                                "top": 0,
                              }
                            }
                            testID="avatar.image"
                          />
                        </View>
                      </View>
                    </View>
                  </View>
                  <View
                    style={
                      Object {
                        "flex": 1,
                      }
                    }
                  >
                    <Text
                      numberOfLines={2}
                      style={
                        Array [
                          Object {
                            "color": "#181C32",
                            "fontFamily": "BeVietnamPro-SemiBold",
                            "fontSize": 13,
                          },
                          Object {},
                          undefined,
                        ]
                      }
                    >
                      Nguyen Thi Thu Queen
                    </Text>
                  </View>
                </View>
              </View>
            </View>
            <View
              style={
                Object {
                  "height": 0,
                }
              }
            />
            <View
              onLayout={[Function]}
            />
          </View>
        </RCTScrollView>
      </View>
    </View>
  </View>
</View>
`;
