// Jest Snapshot v1, https://goo.gl/fbAQLP

exports[`AtMentionItem component renders correctly 1`] = `
<View
  style={
    Object {
      "backgroundColor": "#FFFFFF",
    }
  }
  testID="at_mention_item"
>
  <View
    accessible={true}
    collapsable={false}
    focusable={true}
    onClick={[Function]}
    onResponderGrant={[Function]}
    onResponderMove={[Function]}
    onResponderRelease={[Function]}
    onResponderTerminate={[Function]}
    onResponderTerminationRequest={[Function]}
    onStartShouldSetResponder={[Function]}
    style={
      Object {
        "alignItems": "center",
        "flexDirection": "row",
        "opacity": 1,
      }
    }
    testID="at_mention_item.touchable"
  >
    <View
      style={
        Array [
          Object {
            "borderRadius": 6,
            "height": 40,
            "width": 40,
          },
          Object {
            "marginHorizontal": 12,
            "marginVertical": 8,
          },
        ]
      }
      testID="avatar"
    >
      <View
        style={
          Array [
            Object {
              "borderRadius": 6,
              "height": 40,
              "width": 40,
            },
            Object {
              "backgroundColor": "#A4A9B7",
            },
          ]
        }
        testID="avatar_container"
      >
        <View
          style={
            Array [
              Object {
                "overflow": "hidden",
              },
              Array [
                Object {
                  "borderRadius": 6,
                  "height": 40,
                  "width": 40,
                },
                Object {
                  "borderColor": "#F2F5F8",
                  "borderWidth": 2,
                },
                Object {
                  "backgroundColor": "#FFFFFF",
                },
              ],
            ]
          }
        >
          <FastImageView
            onFastImageError={[Function]}
            resizeMode="cover"
            source={
              Object {
                "testUri": "../../../assets/images/user_avatar_default.png",
              }
            }
            style={
              Object {
                "bottom": 0,
                "left": 0,
                "position": "absolute",
                "right": 0,
                "top": 0,
              }
            }
            testID="avatar.image"
          />
        </View>
      </View>
    </View>
    <Text
      style={
        Array [
          Object {
            "color": "#212745",
            "fontFamily": "BeVietnamPro-Light",
            "fontSize": 14,
          },
          Object {},
          undefined,
        ]
      }
    >
      test
    </Text>
  </View>
</View>
`;
