// Jest Snapshot v1, https://goo.gl/fbAQLP

exports[`AtMention component renders correctly 1`] = `
<RCTScrollView
  ListEmptyComponent={[Function]}
  data={Array []}
  getItem={[Function]}
  getItemCount={[Function]}
  keyExtractor={[Function]}
  onContentSizeChange={[Function]}
  onLayout={[Function]}
  onMomentumScrollBegin={[Function]}
  onMomentumScrollEnd={[Function]}
  onScroll={[Function]}
  onScrollBeginDrag={[Function]}
  onScrollEndDrag={[Function]}
  removeClippedSubviews={false}
  renderItem={[Function]}
  scrollEventThrottle={50}
  stickyHeaderIndices={Array []}
  testID="at_mention"
  viewabilityConfigCallbackPairs={Array []}
>
  <View>
    <View
      style={
        Object {
          "justifyContent": "center",
          "minHeight": 40,
        }
      }
    >
      <Text
        style={
          Array [
            Object {
              "color": "#181C32",
              "fontFamily": "BeVietnamPro-SemiBold",
              "fontSize": 13,
            },
            Object {},
            Object {
              "color": "#A4A9B7",
              "margin": 8,
              "padding": 4,
            },
          ]
        }
        testID="at_mention.empty_content"
      >
        emptyContent
      </Text>
    </View>
  </View>
</RCTScrollView>
`;
